== finetune-lr1e-05
train 80 tiles -> 1280 sub-tiles | test 20 tiles -> 320 sub-tiles
Epoch 1/80
WARNING: All log messages before absl::InitializeLog() is called are written to STDERR
E0000 00:00:1790130769.860906  897440 cuda_timer.cc:87] Delay kernel timed out: measured time has sub-optimal accuracy. There may be a missing warmup execution, please investigate in Nsight Systems.
E0000 00:00:1790130794.910492  897440 cuda_timer.cc:87] Delay kernel timed out: measured time has sub-optimal accuracy. There may be a missing warmup execution, please investigate in Nsight Systems.
160/160 - 192s - 1s/step - accuracy: 0.6595 - iou_agriculture_rangeland: 0.6980 - iou_barren: 0.1119 - iou_forest: 0.3106 - iou_unknown: 0.0030 - iou_urban: 0.2355 - iou_water: 0.3472 - loss: 2.2855 - miou: 0.2844 - val_accuracy: 0.8603 - val_iou_agriculture_rangeland: 0.7929 - val_iou_barren: 0.0505 - val_iou_forest: 0.7098 - val_iou_unknown: 0.0829 - val_iou_urban: 0.7102 - val_iou_water: 0.9079 - val_loss: 1.3918 - val_miou: 0.5424 - learning_rate: 1.0000e-05
Epoch 2/80
160/160 - 25s - 158ms/step - accuracy: 0.7653 - iou_agriculture_rangeland: 0.7350 - iou_barren: 0.1477 - iou_forest: 0.5622 - iou_unknown: 4.6538e-04 - iou_urban: 0.3192 - iou_water: 0.6082 - loss: 1.6507 - miou: 0.3955 - val_accuracy: 0.8819 - val_iou_agriculture_rangeland: 0.8254 - val_iou_barren: 0.0840 - val_iou_forest: 0.7747 - val_iou_unknown: 0.0983 - val_iou_urban: 0.6978 - val_iou_water: 0.9231 - val_loss: 1.3272 - val_miou: 0.5672 - learning_rate: 1.0000e-05
Epoch 3/80
160/160 - 25s - 158ms/step - accuracy: 0.7854 - iou_agriculture_rangeland: 0.7449 - iou_barren: 0.1960 - iou_forest: 0.5888 - iou_unknown: 0.0027 - iou_urban: 0.3787 - iou_water: 0.6387 - loss: 1.5203 - miou: 0.4250 - val_accuracy: 0.8860 - val_iou_agriculture_rangeland: 0.8311 - val_iou_barren: 0.1644 - val_iou_forest: 0.7853 - val_iou_unknown: 0.0456 - val_iou_urban: 0.6926 - val_iou_water: 0.9290 - val_loss: 1.2740 - val_miou: 0.5747 - learning_rate: 1.0000e-05
Epoch 4/80
160/160 - 25s - 158ms/step - accuracy: 0.8046 - iou_agriculture_rangeland: 0.7547 - iou_barren: 0.1940 - iou_forest: 0.6473 - iou_unknown: 2.9701e-04 - iou_urban: 0.4150 - iou_water: 0.6673 - loss: 1.4442 - miou: 0.4464 - val_accuracy: 0.8889 - val_iou_agriculture_rangeland: 0.8347 - val_iou_barren: 0.1843 - val_iou_forest: 0.7923 - val_iou_unknown: 0.0013 - val_iou_urban: 0.7203 - val_iou_water: 0.9315 - val_loss: 1.2761 - val_miou: 0.5774 - learning_rate: 1.0000e-05
Epoch 5/80
160/160 - 25s - 158ms/step - accuracy: 0.8187 - iou_agriculture_rangeland: 0.7705 - iou_barren: 0.2127 - iou_forest: 0.6534 - iou_unknown: 4.9882e-05 - iou_urban: 0.4843 - iou_water: 0.6927 - loss: 1.3823 - miou: 0.4689 - val_accuracy: 0.8912 - val_iou_agriculture_rangeland: 0.8376 - val_iou_barren: 0.2179 - val_iou_forest: 0.7970 - val_iou_unknown: 0.0022 - val_iou_urban: 0.7577 - val_iou_water: 0.9320 - val_loss: 1.2330 - val_miou: 0.5907 - learning_rate: 1.0000e-05
Epoch 6/80
160/160 - 25s - 158ms/step - accuracy: 0.8294 - iou_agriculture_rangeland: 0.7799 - iou_barren: 0.2165 - iou_forest: 0.6638 - iou_unknown: 1.3442e-04 - iou_urban: 0.5582 - iou_water: 0.7146 - loss: 1.3513 - miou: 0.4889 - val_accuracy: 0.8954 - val_iou_agriculture_rangeland: 0.8438 - val_iou_barren: 0.2295 - val_iou_forest: 0.8009 - val_iou_unknown: 5.6514e-04 - val_iou_urban: 0.7893 - val_iou_water: 0.9332 - val_loss: 1.2169 - val_miou: 0.5995 - learning_rate: 1.0000e-05
Epoch 7/80
160/160 - 25s - 159ms/step - accuracy: 0.8351 - iou_agriculture_rangeland: 0.7888 - iou_barren: 0.2204 - iou_forest: 0.6781 - iou_unknown: 1.3909e-04 - iou_urban: 0.5263 - iou_water: 0.7221 - loss: 1.3216 - miou: 0.4893 - val_accuracy: 0.8983 - val_iou_agriculture_rangeland: 0.8471 - val_iou_barren: 0.2374 - val_iou_forest: 0.8066 - val_iou_unknown: 0.0000e+00 - val_iou_urban: 0.8069 - val_iou_water: 0.9372 - val_loss: 1.2012 - val_miou: 0.6059 - learning_rate: 1.0000e-05
Epoch 8/80
160/160 - 25s - 158ms/step - accuracy: 0.8325 - iou_agriculture_rangeland: 0.7853 - iou_barren: 0.2301 - iou_forest: 0.6673 - iou_unknown: 0.0000e+00 - iou_urban: 0.5326 - iou_water: 0.7189 - loss: 1.3326 - miou: 0.4890 - val_accuracy: 0.9024 - val_iou_agriculture_rangeland: 0.8501 - val_iou_barren: 0.2576 - val_iou_forest: 0.8167 - val_iou_unknown: 0.0000e+00 - val_iou_urban: 0.8236 - val_iou_water: 0.9450 - val_loss: 1.2133 - val_miou: 0.6155 - learning_rate: 1.0000e-05
Epoch 9/80
160/160 - 25s - 158ms/step - accuracy: 0.8491 - iou_agriculture_rangeland: 0.7992 - iou_barren: 0.2377 - iou_forest: 0.7059 - iou_unknown: 0.0000e+00 - iou_urban: 0.6058 - iou_water: 0.7541 - loss: 1.2767 - miou: 0.5171 - val_accuracy: 0.9035 - val_iou_agriculture_rangeland: 0.8533 - val_iou_barren: 0.2655 - val_iou_forest: 0.8217 - val_iou_unknown: 0.0000e+00 - val_iou_urban: 0.8348 - val_iou_water: 0.9447 - val_loss: 1.1908 - val_miou: 0.6200 - learning_rate: 1.0000e-05
Epoch 10/80
160/160 - 25s - 158ms/step - accuracy: 0.8507 - iou_agriculture_rangeland: 0.8020 - iou_barren: 0.2358 - iou_forest: 0.6991 - iou_unknown: 0.0000e+00 - iou_urban: 0.6130 - iou_water: 0.7613 - loss: 1.2748 - miou: 0.5185 - val_accuracy: 0.9060 - val_iou_agriculture_rangeland: 0.8540 - val_iou_barren: 0.2846 - val_iou_forest: 0.8267 - val_iou_unknown: 0.0000e+00 - val_iou_urban: 0.8392 - val_iou_water: 0.9511 - val_loss: 1.1964 - val_miou: 0.6259 - learning_rate: 1.0000e-05
Epoch 11/80
160/160 - 24s - 152ms/step - accuracy: 0.8542 - iou_agriculture_rangeland: 0.8064 - iou_barren: 0.2650 - iou_forest: 0.7088 - iou_unknown: 0.0000e+00 - iou_urban: 0.6501 - iou_water: 0.7552 - loss: 1.2596 - miou: 0.5309 - val_accuracy: 0.9064 - val_iou_agriculture_rangeland: 0.8550 - val_iou_barren: 0.2785 - val_iou_forest: 0.8243 - val_iou_unknown: 0.0000e+00 - val_iou_urban: 0.8484 - val_iou_water: 0.9481 - val_loss: 1.1904 - val_miou: 0.6257 - learning_rate: 1.0000e-05
Epoch 12/80
160/160 - 25s - 158ms/step - accuracy: 0.8626 - iou_agriculture_rangeland: 0.8172 - iou_barren: 0.2843 - iou_forest: 0.7150 - iou_unknown: 0.0000e+00 - iou_urban: 0.6486 - iou_water: 0.7811 - loss: 1.2405 - miou: 0.5410 - val_accuracy: 0.9083 - val_iou_agriculture_rangeland: 0.8573 - val_iou_barren: 0.2919 - val_iou_forest: 0.8310 - val_iou_unknown: 0.0000e+00 - val_iou_urban: 0.8570 - val_iou_water: 0.9517 - val_loss: 1.1849 - val_miou: 0.6315 - learning_rate: 1.0000e-05
Epoch 13/80
160/160 - 25s - 158ms/step - accuracy: 0.8604 - iou_agriculture_rangeland: 0.8098 - iou_barren: 0.2781 - iou_forest: 0.7108 - iou_unknown: 0.0000e+00 - iou_urban: 0.6986 - iou_water: 0.7764 - loss: 1.2468 - miou: 0.5456 - val_accuracy: 0.9086 - val_iou_agriculture_rangeland: 0.8575 - val_iou_barren: 0.2972 - val_iou_forest: 0.8292 - val_iou_unknown: 0.0000e+00 - val_iou_urban: 0.8562 - val_iou_water: 0.9527 - val_loss: 1.1815 - val_miou: 0.6321 - learning_rate: 1.0000e-05
Epoch 14/80
160/160 - 25s - 158ms/step - accuracy: 0.8702 - iou_agriculture_rangeland: 0.8239 - iou_barren: 0.2831 - iou_forest: 0.7292 - iou_unknown: 0.0000e+00 - iou_urban: 0.6748 - iou_water: 0.8023 - loss: 1.2223 - miou: 0.5522 - val_accuracy: 0.9104 - val_iou_agriculture_rangeland: 0.8586 - val_iou_barren: 0.3196 - val_iou_forest: 0.8348 - val_iou_unknown: 0.0000e+00 - val_iou_urban: 0.8649 - val_iou_water: 0.9532 - val_loss: 1.1727 - val_miou: 0.6385 - learning_rate: 1.0000e-05
Epoch 15/80
160/160 - 24s - 153ms/step - accuracy: 0.8655 - iou_agriculture_rangeland: 0.8200 - iou_barren: 0.2935 - iou_forest: 0.7081 - iou_unknown: 0.0000e+00 - iou_urban: 0.6932 - iou_water: 0.7924 - loss: 1.2264 - miou: 0.5512 - val_accuracy: 0.9097 - val_iou_agriculture_rangeland: 0.8577 - val_iou_barren: 0.3076 - val_iou_forest: 0.8347 - val_iou_unknown: 0.0000e+00 - val_iou_urban: 0.8676 - val_iou_water: 0.9525 - val_loss: 1.1720 - val_miou: 0.6367 - learning_rate: 1.0000e-05
Epoch 16/80
160/160 - 25s - 158ms/step - accuracy: 0.8738 - iou_agriculture_rangeland: 0.8257 - iou_barren: 0.2803 - iou_forest: 0.7324 - iou_unknown: 0.0000e+00 - iou_urban: 0.7010 - iou_water: 0.8204 - loss: 1.2065 - miou: 0.5600 - val_accuracy: 0.9112 - val_iou_agriculture_rangeland: 0.8601 - val_iou_barren: 0.3256 - val_iou_forest: 0.8357 - val_iou_unknown: 0.0000e+00 - val_iou_urban: 0.8681 - val_iou_water: 0.9527 - val_loss: 1.1711 - val_miou: 0.6404 - learning_rate: 1.0000e-05
Epoch 17/80
160/160 - 25s - 158ms/step - accuracy: 0.8771 - iou_agriculture_rangeland: 0.8323 - iou_barren: 0.2862 - iou_forest: 0.7240 - iou_unknown: 0.0000e+00 - iou_urban: 0.7556 - iou_water: 0.8285 - loss: 1.1833 - miou: 0.5711 - val_accuracy: 0.9124 - val_iou_agriculture_rangeland: 0.8611 - val_iou_barren: 0.3370 - val_iou_forest: 0.8365 - val_iou_unknown: 0.0000e+00 - val_iou_urban: 0.8764 - val_iou_water: 0.9543 - val_loss: 1.1732 - val_miou: 0.6442 - learning_rate: 1.0000e-05
Epoch 18/80
160/160 - 24s - 153ms/step - accuracy: 0.8732 - iou_agriculture_rangeland: 0.8229 - iou_barren: 0.3237 - iou_forest: 0.7301 - iou_unknown: 0.0000e+00 - iou_urban: 0.7435 - iou_water: 0.8062 - loss: 1.2026 - miou: 0.5711 - val_accuracy: 0.9107 - val_iou_agriculture_rangeland: 0.8585 - val_iou_barren: 0.3247 - val_iou_forest: 0.8344 - val_iou_unknown: 0.0000e+00 - val_iou_urban: 0.8783 - val_iou_water: 0.9521 - val_loss: 1.1773 - val_miou: 0.6413 - learning_rate: 1.0000e-05
Epoch 19/80
160/160 - 24s - 153ms/step - accuracy: 0.8894 - iou_agriculture_rangeland: 0.8440 - iou_barren: 0.3025 - iou_forest: 0.7527 - iou_unknown: 0.0000e+00 - iou_urban: 0.7879 - iou_water: 0.8588 - loss: 1.1598 - miou: 0.5910 - val_accuracy: 0.9114 - val_iou_agriculture_rangeland: 0.8593 - val_iou_barren: 0.3203 - val_iou_forest: 0.8373 - val_iou_unknown: 0.0000e+00 - val_iou_urban: 0.8830 - val_iou_water: 0.9511 - val_loss: 1.1743 - val_miou: 0.6418 - learning_rate: 1.0000e-05
Epoch 20/80
160/160 - 24s - 153ms/step - accuracy: 0.8873 - iou_agriculture_rangeland: 0.8449 - iou_barren: 0.3283 - iou_forest: 0.7411 - iou_unknown: 0.0000e+00 - iou_urban: 0.7469 - iou_water: 0.8519 - loss: 1.1587 - miou: 0.5855 - val_accuracy: 0.9115 - val_iou_agriculture_rangeland: 0.8598 - val_iou_barren: 0.3259 - val_iou_forest: 0.8393 - val_iou_unknown: 0.0000e+00 - val_iou_urban: 0.8824 - val_iou_water: 0.9541 - val_loss: 1.1688 - val_miou: 0.6436 - learning_rate: 1.0000e-05
Epoch 21/80
160/160 - 25s - 158ms/step - accuracy: 0.8883 - iou_agriculture_rangeland: 0.8418 - iou_barren: 0.3462 - iou_forest: 0.7515 - iou_unknown: 0.0000e+00 - iou_urban: 0.7560 - iou_water: 0.8519 - loss: 1.1607 - miou: 0.5912 - val_accuracy: 0.9137 - val_iou_agriculture_rangeland: 0.8626 - val_iou_barren: 0.3427 - val_iou_forest: 0.8404 - val_iou_unknown: 0.0000e+00 - val_iou_urban: 0.8816 - val_iou_water: 0.9551 - val_loss: 1.1854 - val_miou: 0.6471 - learning_rate: 1.0000e-05
Epoch 22/80
160/160 - 24s - 153ms/step - accuracy: 0.8897 - iou_agriculture_rangeland: 0.8443 - iou_barren: 0.3596 - iou_forest: 0.7595 - iou_unknown: 0.0000e+00 - iou_urban: 0.7573 - iou_water: 0.8483 - loss: 1.1457 - miou: 0.5948 - val_accuracy: 0.9136 - val_iou_agriculture_rangeland: 0.8634 - val_iou_barren: 0.3298 - val_iou_forest: 0.8447 - val_iou_unknown: 0.0000e+00 - val_iou_urban: 0.8852 - val_iou_water: 0.9545 - val_loss: 1.1686 - val_miou: 0.6463 - learning_rate: 1.0000e-05
Epoch 23/80
160/160 - 24s - 153ms/step - accuracy: 0.8949 - iou_agriculture_rangeland: 0.8562 - iou_barren: 0.3478 - iou_forest: 0.7504 - iou_unknown: 0.0000e+00 - iou_urban: 0.7586 - iou_water: 0.8659 - loss: 1.1344 - miou: 0.5965 - val_accuracy: 0.9124 - val_iou_agriculture_rangeland: 0.8606 - val_iou_barren: 0.3418 - val_iou_forest: 0.8430 - val_iou_unknown: 0.0000e+00 - val_iou_urban: 0.8815 - val_iou_water: 0.9545 - val_loss: 1.1652 - val_miou: 0.6469 - learning_rate: 1.0000e-05
Epoch 24/80
160/160 - 25s - 153ms/step - accuracy: 0.8861 - iou_agriculture_rangeland: 0.8465 - iou_barren: 0.3524 - iou_forest: 0.7458 - iou_unknown: 0.0000e+00 - iou_urban: 0.7446 - iou_water: 0.8301 - loss: 1.1723 - miou: 0.5866 - val_accuracy: 0.9126 - val_iou_agriculture_rangeland: 0.8592 - val_iou_barren: 0.3365 - val_iou_forest: 0.8350 - val_iou_unknown: 0.0000e+00 - val_iou_urban: 0.8768 - val_iou_water: 0.9559 - val_loss: 1.2078 - val_miou: 0.6439 - learning_rate: 1.0000e-05
Epoch 25/80
160/160 - 25s - 153ms/step - accuracy: 0.8977 - iou_agriculture_rangeland: 0.8536 - iou_barren: 0.3910 - iou_forest: 0.7570 - iou_unknown: 0.0000e+00 - iou_urban: 0.7869 - iou_water: 0.8774 - loss: 1.1205 - miou: 0.6110 - val_accuracy: 0.9128 - val_iou_agriculture_rangeland: 0.8615 - val_iou_barren: 0.3408 - val_iou_forest: 0.8417 - val_iou_unknown: 0.0000e+00 - val_iou_urban: 0.8844 - val_iou_water: 0.9522 - val_loss: 1.1610 - val_miou: 0.6468 - learning_rate: 1.0000e-05
Epoch 26/80
160/160 - 25s - 159ms/step - accuracy: 0.9013 - iou_agriculture_rangeland: 0.8593 - iou_barren: 0.3838 - iou_forest: 0.7682 - iou_unknown: 0.0000e+00 - iou_urban: 0.7934 - iou_water: 0.8823 - loss: 1.1131 - miou: 0.6145 - val_accuracy: 0.9143 - val_iou_agriculture_rangeland: 0.8621 - val_iou_barren: 0.3510 - val_iou_forest: 0.8480 - val_iou_unknown: 0.0000e+00 - val_iou_urban: 0.8860 - val_iou_water: 0.9566 - val_loss: 1.1704 - val_miou: 0.6506 - learning_rate: 1.0000e-05
Epoch 27/80
160/160 - 25s - 153ms/step - accuracy: 0.9024 - iou_agriculture_rangeland: 0.8614 - iou_barren: 0.3753 - iou_forest: 0.7680 - iou_unknown: 0.0000e+00 - iou_urban: 0.8085 - iou_water: 0.8853 - loss: 1.1081 - miou: 0.6164 - val_accuracy: 0.9139 - val_iou_agriculture_rangeland: 0.8617 - val_iou_barren: 0.3535 - val_iou_forest: 0.8474 - val_iou_unknown: 0.0000e+00 - val_iou_urban: 0.8844 - val_iou_water: 0.9567 - val_loss: 1.1683 - val_miou: 0.6506 - learning_rate: 1.0000e-05
Epoch 28/80
160/160 - 24s - 153ms/step - accuracy: 0.8979 - iou_agriculture_rangeland: 0.8547 - iou_barren: 0.3797 - iou_forest: 0.7663 - iou_unknown: 0.0000e+00 - iou_urban: 0.7885 - iou_water: 0.8733 - loss: 1.1202 - miou: 0.6104 - val_accuracy: 0.9142 - val_iou_agriculture_rangeland: 0.8630 - val_iou_barren: 0.3555 - val_iou_forest: 0.8460 - val_iou_unknown: 0.0000e+00 - val_iou_urban: 0.8835 - val_iou_water: 0.9548 - val_loss: 1.1659 - val_miou: 0.6505 - learning_rate: 1.0000e-05
Epoch 29/80
160/160 - 24s - 153ms/step - accuracy: 0.9010 - iou_agriculture_rangeland: 0.8592 - iou_barren: 0.3662 - iou_forest: 0.7670 - iou_unknown: 0.0000e+00 - iou_urban: 0.7911 - iou_water: 0.8880 - loss: 1.1102 - miou: 0.6119 - val_accuracy: 0.9134 - val_iou_agriculture_rangeland: 0.8618 - val_iou_barren: 0.3462 - val_iou_forest: 0.8466 - val_iou_unknown: 0.0000e+00 - val_iou_urban: 0.8830 - val_iou_water: 0.9561 - val_loss: 1.1516 - val_miou: 0.6490 - learning_rate: 1.0000e-05
Epoch 30/80
160/160 - 24s - 153ms/step - accuracy: 0.9013 - iou_agriculture_rangeland: 0.8604 - iou_barren: 0.3849 - iou_forest: 0.7704 - iou_unknown: 0.0000e+00 - iou_urban: 0.7815 - iou_water: 0.8783 - loss: 1.1195 - miou: 0.6126 - val_accuracy: 0.9133 - val_iou_agriculture_rangeland: 0.8614 - val_iou_barren: 0.3506 - val_iou_forest: 0.8467 - val_iou_unknown: 0.0000e+00 - val_iou_urban: 0.8853 - val_iou_water: 0.9558 - val_loss: 1.1662 - val_miou: 0.6500 - learning_rate: 1.0000e-05
Epoch 31/80
160/160 - 25s - 159ms/step - accuracy: 0.9042 - iou_agriculture_rangeland: 0.8630 - iou_barren: 0.3824 - iou_forest: 0.7650 - iou_unknown: 0.0000e+00 - iou_urban: 0.8166 - iou_water: 0.8945 - loss: 1.1045 - miou: 0.6203 - val_accuracy: 0.9145 - val_iou_agriculture_rangeland: 0.8620 - val_iou_barren: 0.3537 - val_iou_forest: 0.8442 - val_iou_unknown: 0.0000e+00 - val_iou_urban: 0.8916 - val_iou_water: 0.9579 - val_loss: 1.1651 - val_miou: 0.6516 - learning_rate: 1.0000e-05
Epoch 32/80
160/160 - 24s - 153ms/step - accuracy: 0.9021 - iou_agriculture_rangeland: 0.8626 - iou_barren: 0.4075 - iou_forest: 0.7589 - iou_unknown: 0.0000e+00 - iou_urban: 0.8137 - iou_water: 0.8788 - loss: 1.1079 - miou: 0.6203 - val_accuracy: 0.9124 - val_iou_agriculture_rangeland: 0.8590 - val_iou_barren: 0.3546 - val_iou_forest: 0.8452 - val_iou_unknown: 0.0000e+00 - val_iou_urban: 0.8853 - val_iou_water: 0.9551 - val_loss: 1.1658 - val_miou: 0.6499 - learning_rate: 1.0000e-05
Epoch 33/80
160/160 - 25s - 153ms/step - accuracy: 0.9099 - iou_agriculture_rangeland: 0.8694 - iou_barren: 0.3936 - iou_forest: 0.7832 - iou_unknown: 0.0000e+00 - iou_urban: 0.8231 - iou_water: 0.9092 - loss: 1.0806 - miou: 0.6298 - val_accuracy: 0.9117 - val_iou_agriculture_rangeland: 0.8574 - val_iou_barren: 0.3353 - val_iou_forest: 0.8473 - val_iou_unknown: 0.0000e+00 - val_iou_urban: 0.8801 - val_iou_water: 0.9568 - val_loss: 1.1585 - val_miou: 0.6462 - learning_rate: 1.0000e-05
Epoch 34/80
160/160 - 24s - 153ms/step - accuracy: 0.9087 - iou_agriculture_rangeland: 0.8699 - iou_barren: 0.4081 - iou_forest: 0.7736 - iou_unknown: 0.0000e+00 - iou_urban: 0.7953 - iou_water: 0.9070 - loss: 1.0815 - miou: 0.6257 - val_accuracy: 0.9144 - val_iou_agriculture_rangeland: 0.8620 - val_iou_barren: 0.3580 - val_iou_forest: 0.8479 - val_iou_unknown: 0.0000e+00 - val_iou_urban: 0.8866 - val_iou_water: 0.9544 - val_loss: 1.1572 - val_miou: 0.6515 - learning_rate: 1.0000e-05
Epoch 35/80
160/160 - 25s - 159ms/step - accuracy: 0.9046 - iou_agriculture_rangeland: 0.8650 - iou_barren: 0.3992 - iou_forest: 0.7686 - iou_unknown: 0.0000e+00 - iou_urban: 0.8139 - iou_water: 0.8849 - loss: 1.0991 - miou: 0.6219 - val_accuracy: 0.9146 - val_iou_agriculture_rangeland: 0.8626 - val_iou_barren: 0.3608 - val_iou_forest: 0.8492 - val_iou_unknown: 0.0000e+00 - val_iou_urban: 0.8848 - val_iou_water: 0.9550 - val_loss: 1.1583 - val_miou: 0.6521 - learning_rate: 1.0000e-05
Epoch 36/80
160/160 - 25s - 158ms/step - accuracy: 0.9100 - iou_agriculture_rangeland: 0.8709 - iou_barren: 0.4233 - iou_forest: 0.7825 - iou_unknown: 0.0000e+00 - iou_urban: 0.8155 - iou_water: 0.8994 - loss: 1.0787 - miou: 0.6319 - val_accuracy: 0.9152 - val_iou_agriculture_rangeland: 0.8630 - val_iou_barren: 0.3595 - val_iou_forest: 0.8519 - val_iou_unknown: 0.0000e+00 - val_iou_urban: 0.8868 - val_iou_water: 0.9572 - val_loss: 1.1526 - val_miou: 0.6531 - learning_rate: 1.0000e-05
Epoch 37/80
160/160 - 25s - 159ms/step - accuracy: 0.9156 - iou_agriculture_rangeland: 0.8765 - iou_barren: 0.4314 - iou_forest: 0.7880 - iou_unknown: 0.0000e+00 - iou_urban: 0.8397 - iou_water: 0.9175 - loss: 1.0577 - miou: 0.6422 - val_accuracy: 0.9154 - val_iou_agriculture_rangeland: 0.8632 - val_iou_barren: 0.3629 - val_iou_forest: 0.8497 - val_iou_unknown: 0.0000e+00 - val_iou_urban: 0.8904 - val_iou_water: 0.9582 - val_loss: 1.1602 - val_miou: 0.6541 - learning_rate: 1.0000e-05
Epoch 38/80
160/160 - 25s - 159ms/step - accuracy: 0.9137 - iou_agriculture_rangeland: 0.8734 - iou_barren: 0.4105 - iou_forest: 0.7889 - iou_unknown: 0.0000e+00 - iou_urban: 0.8465 - iou_water: 0.9154 - loss: 1.0668 - miou: 0.6391 - val_accuracy: 0.9164 - val_iou_agriculture_rangeland: 0.8643 - val_iou_barren: 0.3597 - val_iou_forest: 0.8496 - val_iou_unknown: 0.0000e+00 - val_iou_urban: 0.8934 - val_iou_water: 0.9577 - val_loss: 1.1650 - val_miou: 0.6541 - learning_rate: 1.0000e-05
Epoch 39/80
160/160 - 24s - 153ms/step - accuracy: 0.9099 - iou_agriculture_rangeland: 0.8688 - iou_barren: 0.4074 - iou_forest: 0.7859 - iou_unknown: 0.0000e+00 - iou_urban: 0.8401 - iou_water: 0.9003 - loss: 1.0748 - miou: 0.6337 - val_accuracy: 0.9147 - val_iou_agriculture_rangeland: 0.8638 - val_iou_barren: 0.3501 - val_iou_forest: 0.8523 - val_iou_unknown: 0.0000e+00 - val_iou_urban: 0.8891 - val_iou_water: 0.9526 - val_loss: 1.1430 - val_miou: 0.6513 - learning_rate: 1.0000e-05
Epoch 40/80
160/160 - 24s - 153ms/step - accuracy: 0.9114 - iou_agriculture_rangeland: 0.8703 - iou_barren: 0.4178 - iou_forest: 0.7918 - iou_unknown: 0.0000e+00 - iou_urban: 0.8302 - iou_water: 0.9033 - loss: 1.0660 - miou: 0.6355 - val_accuracy: 0.9154 - val_iou_agriculture_rangeland: 0.8647 - val_iou_barren: 0.3546 - val_iou_forest: 0.8526 - val_iou_unknown: 0.0000e+00 - val_iou_urban: 0.8869 - val_iou_water: 0.9522 - val_loss: 1.1517 - val_miou: 0.6518 - learning_rate: 1.0000e-05
Epoch 41/80
160/160 - 24s - 153ms/step - accuracy: 0.9143 - iou_agriculture_rangeland: 0.8738 - iou_barren: 0.4068 - iou_forest: 0.7959 - iou_unknown: 0.0000e+00 - iou_urban: 0.8253 - iou_water: 0.9192 - loss: 1.0568 - miou: 0.6368 - val_accuracy: 0.9139 - val_iou_agriculture_rangeland: 0.8623 - val_iou_barren: 0.3404 - val_iou_forest: 0.8537 - val_iou_unknown: 0.0000e+00 - val_iou_urban: 0.8823 - val_iou_water: 0.9557 - val_loss: 1.1461 - val_miou: 0.6491 - learning_rate: 1.0000e-05
Epoch 42/80
160/160 - 24s - 153ms/step - accuracy: 0.9147 - iou_agriculture_rangeland: 0.8777 - iou_barren: 0.4568 - iou_forest: 0.7839 - iou_unknown: 0.0000e+00 - iou_urban: 0.8442 - iou_water: 0.9042 - loss: 1.0621 - miou: 0.6445 - val_accuracy: 0.9152 - val_iou_agriculture_rangeland: 0.8640 - val_iou_barren: 0.3455 - val_iou_forest: 0.8519 - val_iou_unknown: 0.0000e+00 - val_iou_urban: 0.8914 - val_iou_water: 0.9557 - val_loss: 1.1495 - val_miou: 0.6514 - learning_rate: 1.0000e-05
Epoch 43/80
160/160 - 25s - 159ms/step - accuracy: 0.9168 - iou_agriculture_rangeland: 0.8809 - iou_barren: 0.4399 - iou_forest: 0.7805 - iou_unknown: 0.0000e+00 - iou_urban: 0.8375 - iou_water: 0.9196 - loss: 1.0578 - miou: 0.6431 - val_accuracy: 0.9156 - val_iou_agriculture_rangeland: 0.8637 - val_iou_barren: 0.3571 - val_iou_forest: 0.8563 - val_iou_unknown: 0.0000e+00 - val_iou_urban: 0.8922 - val_iou_water: 0.9572 - val_loss: 1.1619 - val_miou: 0.6544 - learning_rate: 1.0000e-05
Epoch 44/80
160/160 - 25s - 153ms/step - accuracy: 0.9170 - iou_agriculture_rangeland: 0.8824 - iou_barren: 0.4510 - iou_forest: 0.7844 - iou_unknown: 0.0000e+00 - iou_urban: 0.8126 - iou_water: 0.9207 - loss: 1.0529 - miou: 0.6418 - val_accuracy: 0.9156 - val_iou_agriculture_rangeland: 0.8656 - val_iou_barren: 0.3595 - val_iou_forest: 0.8544 - val_iou_unknown: 0.0000e+00 - val_iou_urban: 0.8898 - val_iou_water: 0.9545 - val_loss: 1.1514 - val_miou: 0.6540 - learning_rate: 1.0000e-05
Epoch 45/80
160/160 - 24s - 153ms/step - accuracy: 0.9178 - iou_agriculture_rangeland: 0.8788 - iou_barren: 0.4160 - iou_forest: 0.7943 - iou_unknown: 0.0000e+00 - iou_urban: 0.8491 - iou_water: 0.9289 - loss: 1.0547 - miou: 0.6445 - val_accuracy: 0.9150 - val_iou_agriculture_rangeland: 0.8640 - val_iou_barren: 0.3514 - val_iou_forest: 0.8547 - val_iou_unknown: 0.0000e+00 - val_iou_urban: 0.8944 - val_iou_water: 0.9549 - val_loss: 1.1396 - val_miou: 0.6532 - learning_rate: 1.0000e-05
Epoch 46/80
160/160 - 25s - 153ms/step - accuracy: 0.9194 - iou_agriculture_rangeland: 0.8820 - iou_barren: 0.4418 - iou_forest: 0.7890 - iou_unknown: 0.0000e+00 - iou_urban: 0.8421 - iou_water: 0.9343 - loss: 1.0380 - miou: 0.6482 - val_accuracy: 0.9113 - val_iou_agriculture_rangeland: 0.8579 - val_iou_barren: 0.3218 - val_iou_forest: 0.8513 - val_iou_unknown: 0.0000e+00 - val_iou_urban: 0.8863 - val_iou_water: 0.9541 - val_loss: 1.1456 - val_miou: 0.6452 - learning_rate: 1.0000e-05
Epoch 47/80
160/160 - 24s - 153ms/step - accuracy: 0.9138 - iou_agriculture_rangeland: 0.8755 - iou_barren: 0.4426 - iou_forest: 0.7937 - iou_unknown: 0.0000e+00 - iou_urban: 0.8148 - iou_water: 0.9031 - loss: 1.0670 - miou: 0.6383 - val_accuracy: 0.9138 - val_iou_agriculture_rangeland: 0.8604 - val_iou_barren: 0.3431 - val_iou_forest: 0.8546 - val_iou_unknown: 0.0000e+00 - val_iou_urban: 0.8893 - val_iou_water: 0.9546 - val_loss: 1.1523 - val_miou: 0.6503 - learning_rate: 1.0000e-05
Epoch 48/80
160/160 - 24s - 153ms/step - accuracy: 0.9196 - iou_agriculture_rangeland: 0.8820 - iou_barren: 0.4730 - iou_forest: 0.7894 - iou_unknown: 0.0000e+00 - iou_urban: 0.8369 - iou_water: 0.9287 - loss: 1.0381 - miou: 0.6517 - val_accuracy: 0.9128 - val_iou_agriculture_rangeland: 0.8600 - val_iou_barren: 0.3480 - val_iou_forest: 0.8534 - val_iou_unknown: 0.0000e+00 - val_iou_urban: 0.8886 - val_iou_water: 0.9520 - val_loss: 1.1526 - val_miou: 0.6503 - learning_rate: 1.0000e-05
Epoch 49/80

Epoch 49: ReduceLROnPlateau reducing learning rate to 4.999999873689376e-06.
160/160 - 24s - 153ms/step - accuracy: 0.9186 - iou_agriculture_rangeland: 0.8812 - iou_barren: 0.4668 - iou_forest: 0.7963 - iou_unknown: 0.0000e+00 - iou_urban: 0.8486 - iou_water: 0.9158 - loss: 1.0447 - miou: 0.6514 - val_accuracy: 0.9149 - val_iou_agriculture_rangeland: 0.8623 - val_iou_barren: 0.3445 - val_iou_forest: 0.8545 - val_iou_unknown: 0.0000e+00 - val_iou_urban: 0.8923 - val_iou_water: 0.9529 - val_loss: 1.1427 - val_miou: 0.6511 - learning_rate: 1.0000e-05
Epoch 50/80
160/160 - 24s - 153ms/step - accuracy: 0.9268 - iou_agriculture_rangeland: 0.8909 - iou_barren: 0.4995 - iou_forest: 0.7975 - iou_unknown: 0.0000e+00 - iou_urban: 0.8661 - iou_water: 0.9425 - loss: 1.0123 - miou: 0.6661 - val_accuracy: 0.9155 - val_iou_agriculture_rangeland: 0.8638 - val_iou_barren: 0.3488 - val_iou_forest: 0.8546 - val_iou_unknown: 0.0000e+00 - val_iou_urban: 0.8945 - val_iou_water: 0.9569 - val_loss: 1.1551 - val_miou: 0.6531 - learning_rate: 5.0000e-06
Epoch 51/80
160/160 - 25s - 153ms/step - accuracy: 0.9226 - iou_agriculture_rangeland: 0.8855 - iou_barren: 0.4783 - iou_forest: 0.8020 - iou_unknown: 0.0000e+00 - iou_urban: 0.8606 - iou_water: 0.9266 - loss: 1.0268 - miou: 0.6589 - val_accuracy: 0.9143 - val_iou_agriculture_rangeland: 0.8621 - val_iou_barren: 0.3448 - val_iou_forest: 0.8567 - val_iou_unknown: 0.0000e+00 - val_iou_urban: 0.8952 - val_iou_water: 0.9535 - val_loss: 1.1511 - val_miou: 0.6520 - learning_rate: 5.0000e-06
Epoch 52/80
160/160 - 25s - 159ms/step - accuracy: 0.9209 - iou_agriculture_rangeland: 0.8840 - iou_barren: 0.4829 - iou_forest: 0.7950 - iou_unknown: 0.0000e+00 - iou_urban: 0.8514 - iou_water: 0.9249 - loss: 1.0335 - miou: 0.6564 - val_accuracy: 0.9162 - val_iou_agriculture_rangeland: 0.8644 - val_iou_barren: 0.3735 - val_iou_forest: 0.8566 - val_iou_unknown: 0.0000e+00 - val_iou_urban: 0.8937 - val_iou_water: 0.9572 - val_loss: 1.1536 - val_miou: 0.6576 - learning_rate: 5.0000e-06
Epoch 53/80
160/160 - 25s - 153ms/step - accuracy: 0.9262 - iou_agriculture_rangeland: 0.8910 - iou_barren: 0.4974 - iou_forest: 0.8056 - iou_unknown: 0.0000e+00 - iou_urban: 0.8397 - iou_water: 0.9396 - loss: 1.0137 - miou: 0.6622 - val_accuracy: 0.9164 - val_iou_agriculture_rangeland: 0.8651 - val_iou_barren: 0.3661 - val_iou_forest: 0.8563 - val_iou_unknown: 0.0000e+00 - val_iou_urban: 0.8938 - val_iou_water: 0.9579 - val_loss: 1.1473 - val_miou: 0.6566 - learning_rate: 5.0000e-06
Epoch 54/80
160/160 - 24s - 153ms/step - accuracy: 0.9223 - iou_agriculture_rangeland: 0.8865 - iou_barren: 0.4589 - iou_forest: 0.8006 - iou_unknown: 0.0000e+00 - iou_urban: 0.8402 - iou_water: 0.9324 - loss: 1.0254 - miou: 0.6531 - val_accuracy: 0.9157 - val_iou_agriculture_rangeland: 0.8633 - val_iou_barren: 0.3611 - val_iou_forest: 0.8557 - val_iou_unknown: 0.0000e+00 - val_iou_urban: 0.8898 - val_iou_water: 0.9578 - val_loss: 1.1466 - val_miou: 0.6546 - learning_rate: 5.0000e-06
Epoch 55/80
160/160 - 25s - 159ms/step - accuracy: 0.9258 - iou_agriculture_rangeland: 0.8893 - iou_barren: 0.4931 - iou_forest: 0.8065 - iou_unknown: 0.0000e+00 - iou_urban: 0.8592 - iou_water: 0.9380 - loss: 1.0147 - miou: 0.6644 - val_accuracy: 0.9182 - val_iou_agriculture_rangeland: 0.8671 - val_iou_barren: 0.3869 - val_iou_forest: 0.8569 - val_iou_unknown: 0.0000e+00 - val_iou_urban: 0.8932 - val_iou_water: 0.9605 - val_loss: 1.1457 - val_miou: 0.6607 - learning_rate: 5.0000e-06
Epoch 56/80
160/160 - 25s - 153ms/step - accuracy: 0.9255 - iou_agriculture_rangeland: 0.8891 - iou_barren: 0.4867 - iou_forest: 0.8031 - iou_unknown: 0.0000e+00 - iou_urban: 0.8546 - iou_water: 0.9391 - loss: 1.0130 - miou: 0.6621 - val_accuracy: 0.9178 - val_iou_agriculture_rangeland: 0.8665 - val_iou_barren: 0.3785 - val_iou_forest: 0.8583 - val_iou_unknown: 0.0000e+00 - val_iou_urban: 0.8916 - val_iou_water: 0.9597 - val_loss: 1.1502 - val_miou: 0.6591 - learning_rate: 5.0000e-06
Epoch 57/80
160/160 - 25s - 153ms/step - accuracy: 0.9267 - iou_agriculture_rangeland: 0.8919 - iou_barren: 0.5144 - iou_forest: 0.8016 - iou_unknown: 0.0000e+00 - iou_urban: 0.8741 - iou_water: 0.9340 - loss: 1.0140 - miou: 0.6693 - val_accuracy: 0.9148 - val_iou_agriculture_rangeland: 0.8629 - val_iou_barren: 0.3496 - val_iou_forest: 0.8567 - val_iou_unknown: 0.0000e+00 - val_iou_urban: 0.8856 - val_iou_water: 0.9565 - val_loss: 1.1427 - val_miou: 0.6519 - learning_rate: 5.0000e-06
Epoch 58/80
160/160 - 25s - 153ms/step - accuracy: 0.9240 - iou_agriculture_rangeland: 0.8885 - iou_barren: 0.5265 - iou_forest: 0.8018 - iou_unknown: 0.0000e+00 - iou_urban: 0.8668 - iou_water: 0.9181 - loss: 1.0264 - miou: 0.6670 - val_accuracy: 0.9149 - val_iou_agriculture_rangeland: 0.8634 - val_iou_barren: 0.3449 - val_iou_forest: 0.8569 - val_iou_unknown: 0.0000e+00 - val_iou_urban: 0.8902 - val_iou_water: 0.9571 - val_loss: 1.1434 - val_miou: 0.6521 - learning_rate: 5.0000e-06
Epoch 59/80
160/160 - 25s - 153ms/step - accuracy: 0.9284 - iou_agriculture_rangeland: 0.8943 - iou_barren: 0.5121 - iou_forest: 0.8093 - iou_unknown: 0.0000e+00 - iou_urban: 0.8722 - iou_water: 0.9363 - loss: 1.0051 - miou: 0.6707 - val_accuracy: 0.9141 - val_iou_agriculture_rangeland: 0.8617 - val_iou_barren: 0.3350 - val_iou_forest: 0.8570 - val_iou_unknown: 0.0000e+00 - val_iou_urban: 0.8875 - val_iou_water: 0.9584 - val_loss: 1.1491 - val_miou: 0.6499 - learning_rate: 5.0000e-06
Epoch 60/80
160/160 - 25s - 153ms/step - accuracy: 0.9278 - iou_agriculture_rangeland: 0.8922 - iou_barren: 0.5235 - iou_forest: 0.8107 - iou_unknown: 0.0000e+00 - iou_urban: 0.8698 - iou_water: 0.9329 - loss: 1.0009 - miou: 0.6715 - val_accuracy: 0.9121 - val_iou_agriculture_rangeland: 0.8593 - val_iou_barren: 0.3277 - val_iou_forest: 0.8564 - val_iou_unknown: 0.0000e+00 - val_iou_urban: 0.8879 - val_iou_water: 0.9559 - val_loss: 1.1475 - val_miou: 0.6479 - learning_rate: 5.0000e-06
Epoch 61/80

Epoch 61: ReduceLROnPlateau reducing learning rate to 2.499999936844688e-06.
160/160 - 25s - 153ms/step - accuracy: 0.9287 - iou_agriculture_rangeland: 0.8945 - iou_barren: 0.5291 - iou_forest: 0.8100 - iou_unknown: 0.0000e+00 - iou_urban: 0.8602 - iou_water: 0.9354 - loss: 1.0052 - miou: 0.6715 - val_accuracy: 0.9165 - val_iou_agriculture_rangeland: 0.8655 - val_iou_barren: 0.3598 - val_iou_forest: 0.8586 - val_iou_unknown: 0.0000e+00 - val_iou_urban: 0.8957 - val_iou_water: 0.9585 - val_loss: 1.1487 - val_miou: 0.6564 - learning_rate: 5.0000e-06
Epoch 62/80
160/160 - 24s - 153ms/step - accuracy: 0.9273 - iou_agriculture_rangeland: 0.8925 - iou_barren: 0.4969 - iou_forest: 0.8083 - iou_unknown: 0.0000e+00 - iou_urban: 0.8624 - iou_water: 0.9399 - loss: 1.0072 - miou: 0.6667 - val_accuracy: 0.9161 - val_iou_agriculture_rangeland: 0.8642 - val_iou_barren: 0.3567 - val_iou_forest: 0.8596 - val_iou_unknown: 0.0000e+00 - val_iou_urban: 0.8962 - val_iou_water: 0.9589 - val_loss: 1.1418 - val_miou: 0.6559 - learning_rate: 2.5000e-06
Epoch 63/80
160/160 - 25s - 153ms/step - accuracy: 0.9275 - iou_agriculture_rangeland: 0.8920 - iou_barren: 0.5125 - iou_forest: 0.8040 - iou_unknown: 0.0000e+00 - iou_urban: 0.8713 - iou_water: 0.9378 - loss: 1.0082 - miou: 0.6696 - val_accuracy: 0.9152 - val_iou_agriculture_rangeland: 0.8629 - val_iou_barren: 0.3529 - val_iou_forest: 0.8589 - val_iou_unknown: 0.0000e+00 - val_iou_urban: 0.8897 - val_iou_water: 0.9576 - val_loss: 1.1401 - val_miou: 0.6537 - learning_rate: 2.5000e-06
Epoch 64/80
160/160 - 24s - 153ms/step - accuracy: 0.9295 - iou_agriculture_rangeland: 0.8954 - iou_barren: 0.5138 - iou_forest: 0.8063 - iou_unknown: 0.0000e+00 - iou_urban: 0.8717 - iou_water: 0.9455 - loss: 0.9983 - miou: 0.6721 - val_accuracy: 0.9173 - val_iou_agriculture_rangeland: 0.8658 - val_iou_barren: 0.3643 - val_iou_forest: 0.8589 - val_iou_unknown: 0.0000e+00 - val_iou_urban: 0.8965 - val_iou_water: 0.9606 - val_loss: 1.1436 - val_miou: 0.6577 - learning_rate: 2.5000e-06
Epoch 65/80
160/160 - 25s - 153ms/step - accuracy: 0.9301 - iou_agriculture_rangeland: 0.8965 - iou_barren: 0.5314 - iou_forest: 0.8083 - iou_unknown: 0.0000e+00 - iou_urban: 0.8463 - iou_water: 0.9457 - loss: 1.0051 - miou: 0.6714 - val_accuracy: 0.9171 - val_iou_agriculture_rangeland: 0.8663 - val_iou_barren: 0.3667 - val_iou_forest: 0.8587 - val_iou_unknown: 0.0000e+00 - val_iou_urban: 0.8961 - val_iou_water: 0.9589 - val_loss: 1.1435 - val_miou: 0.6578 - learning_rate: 2.5000e-06
Epoch 66/80
160/160 - 25s - 153ms/step - accuracy: 0.9303 - iou_agriculture_rangeland: 0.8968 - iou_barren: 0.5272 - iou_forest: 0.8081 - iou_unknown: 0.0000e+00 - iou_urban: 0.8632 - iou_water: 0.9445 - loss: 1.0003 - miou: 0.6733 - val_accuracy: 0.9173 - val_iou_agriculture_rangeland: 0.8669 - val_iou_barren: 0.3680 - val_iou_forest: 0.8582 - val_iou_unknown: 0.0000e+00 - val_iou_urban: 0.8975 - val_iou_water: 0.9594 - val_loss: 1.1430 - val_miou: 0.6583 - learning_rate: 2.5000e-06
Epoch 67/80

Epoch 67: ReduceLROnPlateau reducing learning rate to 1.249999968422344e-06.
160/160 - 24s - 153ms/step - accuracy: 0.9318 - iou_agriculture_rangeland: 0.8987 - iou_barren: 0.5388 - iou_forest: 0.8144 - iou_unknown: 0.0000e+00 - iou_urban: 0.8636 - iou_water: 0.9452 - loss: 0.9939 - miou: 0.6768 - val_accuracy: 0.9169 - val_iou_agriculture_rangeland: 0.8654 - val_iou_barren: 0.3653 - val_iou_forest: 0.8593 - val_iou_unknown: 0.0000e+00 - val_iou_urban: 0.8941 - val_iou_water: 0.9594 - val_loss: 1.1404 - val_miou: 0.6572 - learning_rate: 2.5000e-06
Epoch 68/80
160/160 - 24s - 153ms/step - accuracy: 0.9329 - iou_agriculture_rangeland: 0.8997 - iou_barren: 0.5323 - iou_forest: 0.8186 - iou_unknown: 0.0000e+00 - iou_urban: 0.8628 - iou_water: 0.9499 - loss: 0.9890 - miou: 0.6772 - val_accuracy: 0.9171 - val_iou_agriculture_rangeland: 0.8659 - val_iou_barren: 0.3692 - val_iou_forest: 0.8590 - val_iou_unknown: 0.0000e+00 - val_iou_urban: 0.8939 - val_iou_water: 0.9592 - val_loss: 1.1401 - val_miou: 0.6579 - learning_rate: 1.2500e-06
Epoch 69/80
160/160 - 24s - 153ms/step - accuracy: 0.9289 - iou_agriculture_rangeland: 0.8963 - iou_barren: 0.5305 - iou_forest: 0.8031 - iou_unknown: 0.0000e+00 - iou_urban: 0.8630 - iou_water: 0.9380 - loss: 1.0056 - miou: 0.6718 - val_accuracy: 0.9160 - val_iou_agriculture_rangeland: 0.8642 - val_iou_barren: 0.3572 - val_iou_forest: 0.8589 - val_iou_unknown: 0.0000e+00 - val_iou_urban: 0.8938 - val_iou_water: 0.9591 - val_loss: 1.1407 - val_miou: 0.6555 - learning_rate: 1.2500e-06
Epoch 70/80
160/160 - 25s - 153ms/step - accuracy: 0.9273 - iou_agriculture_rangeland: 0.8932 - iou_barren: 0.4999 - iou_forest: 0.8062 - iou_unknown: 0.0000e+00 - iou_urban: 0.8659 - iou_water: 0.9382 - loss: 1.0075 - miou: 0.6672 - val_accuracy: 0.9154 - val_iou_agriculture_rangeland: 0.8633 - val_iou_barren: 0.3537 - val_iou_forest: 0.8588 - val_iou_unknown: 0.0000e+00 - val_iou_urban: 0.8916 - val_iou_water: 0.9592 - val_loss: 1.1404 - val_miou: 0.6544 - learning_rate: 1.2500e-06
Epoch 70: early stopping
Restoring model weights from the end of the best epoch: 55.

-- unk05: 286/320 sub-tiles, 4,492 Unknown px excluded
   px acc 0.9465   mIoU 0.8082
     Urban                  0.8934
     Agriculture_Rangeland  0.9055
     Forest                 0.8618
     Water                  0.9626
     Barren                 0.4175
     Unknown                absent

-- unk25: 305/320 sub-tiles, 144,229 Unknown px excluded
   px acc 0.9480   mIoU 0.8105
     Urban                  0.8934
     Agriculture_Rangeland  0.9112
     Forest                 0.8645
     Water                  0.9624
     Barren                 0.4211
     Unknown                absent

wrote /home/jvpcms/ime/PFC/results/finetune_experiments/finetune-lr1e-05/metrics.json
