== scratch-lr3e-05-tr40
train 40 tiles -> 640 sub-tiles | test 20 tiles -> 320 sub-tiles
Epoch 1/80
WARNING: All log messages before absl::InitializeLog() is called are written to STDERR
E0000 00:00:1790168848.202542 1259729 cuda_timer.cc:87] Delay kernel timed out: measured time has sub-optimal accuracy. There may be a missing warmup execution, please investigate in Nsight Systems.
E0000 00:00:1790168873.310795 1259729 cuda_timer.cc:87] Delay kernel timed out: measured time has sub-optimal accuracy. There may be a missing warmup execution, please investigate in Nsight Systems.
80/80 - 183s - 2s/step - accuracy: 0.2681 - iou_agriculture_rangeland: 0.2550 - iou_barren: 0.0134 - iou_forest: 0.2175 - iou_unknown: 0.0018 - iou_urban: 0.0411 - iou_water: 0.1375 - loss: 2.6672 - miou: 0.1111 - val_accuracy: 0.1922 - val_iou_agriculture_rangeland: 0.0715 - val_iou_barren: 0.0110 - val_iou_forest: 0.1875 - val_iou_unknown: 0.0399 - val_iou_urban: 0.0786 - val_iou_water: 0.0024 - val_loss: 2.7312 - val_miou: 0.0652 - learning_rate: 3.0000e-05
Epoch 2/80
80/80 - 14s - 173ms/step - accuracy: 0.4808 - iou_agriculture_rangeland: 0.4501 - iou_barren: 0.0149 - iou_forest: 0.4211 - iou_unknown: 0.0018 - iou_urban: 0.0691 - iou_water: 0.3718 - loss: 2.3230 - miou: 0.2215 - val_accuracy: 0.3720 - val_iou_agriculture_rangeland: 0.2248 - val_iou_barren: 0.0178 - val_iou_forest: 0.3102 - val_iou_unknown: 0.0512 - val_iou_urban: 0.1713 - val_iou_water: 0.2779 - val_loss: 2.4835 - val_miou: 0.1755 - learning_rate: 3.0000e-05
Epoch 3/80
80/80 - 14s - 173ms/step - accuracy: 0.6290 - iou_agriculture_rangeland: 0.5920 - iou_barren: 0.0133 - iou_forest: 0.5152 - iou_unknown: 0.0026 - iou_urban: 0.1321 - iou_water: 0.5564 - loss: 2.1413 - miou: 0.3019 - val_accuracy: 0.6352 - val_iou_agriculture_rangeland: 0.4776 - val_iou_barren: 0.0250 - val_iou_forest: 0.5310 - val_iou_unknown: 0.0339 - val_iou_urban: 0.4627 - val_iou_water: 0.6539 - val_loss: 2.1131 - val_miou: 0.3640 - learning_rate: 3.0000e-05
Epoch 4/80
80/80 - 14s - 173ms/step - accuracy: 0.7102 - iou_agriculture_rangeland: 0.6660 - iou_barren: 0.0119 - iou_forest: 0.6111 - iou_unknown: 0.0028 - iou_urban: 0.1956 - iou_water: 0.6190 - loss: 2.0194 - miou: 0.3511 - val_accuracy: 0.7523 - val_iou_agriculture_rangeland: 0.6296 - val_iou_barren: 0.0204 - val_iou_forest: 0.6791 - val_iou_unknown: 0.0418 - val_iou_urban: 0.5292 - val_iou_water: 0.7426 - val_loss: 1.8628 - val_miou: 0.4405 - learning_rate: 3.0000e-05
Epoch 5/80
80/80 - 14s - 173ms/step - accuracy: 0.7606 - iou_agriculture_rangeland: 0.7129 - iou_barren: 0.0104 - iou_forest: 0.6464 - iou_unknown: 0.0024 - iou_urban: 0.2293 - iou_water: 0.6894 - loss: 1.9231 - miou: 0.3818 - val_accuracy: 0.7878 - val_iou_agriculture_rangeland: 0.6733 - val_iou_barren: 0.0151 - val_iou_forest: 0.7442 - val_iou_unknown: 0.0266 - val_iou_urban: 0.5762 - val_iou_water: 0.7434 - val_loss: 1.7724 - val_miou: 0.4631 - learning_rate: 3.0000e-05
Epoch 6/80
80/80 - 14s - 173ms/step - accuracy: 0.7863 - iou_agriculture_rangeland: 0.7330 - iou_barren: 0.0123 - iou_forest: 0.6921 - iou_unknown: 0.0024 - iou_urban: 0.1944 - iou_water: 0.7436 - loss: 1.8605 - miou: 0.3963 - val_accuracy: 0.8197 - val_iou_agriculture_rangeland: 0.7296 - val_iou_barren: 0.0130 - val_iou_forest: 0.7453 - val_iou_unknown: 0.0104 - val_iou_urban: 0.5396 - val_iou_water: 0.8202 - val_loss: 1.7364 - val_miou: 0.4764 - learning_rate: 3.0000e-05
Epoch 7/80
80/80 - 14s - 173ms/step - accuracy: 0.7802 - iou_agriculture_rangeland: 0.7281 - iou_barren: 0.0104 - iou_forest: 0.6679 - iou_unknown: 0.0025 - iou_urban: 0.2335 - iou_water: 0.7054 - loss: 1.8543 - miou: 0.3913 - val_accuracy: 0.8326 - val_iou_agriculture_rangeland: 0.7533 - val_iou_barren: 0.0080 - val_iou_forest: 0.7633 - val_iou_unknown: 0.0044 - val_iou_urban: 0.5182 - val_iou_water: 0.8429 - val_loss: 1.6955 - val_miou: 0.4817 - learning_rate: 3.0000e-05
Epoch 8/80
80/80 - 13s - 162ms/step - accuracy: 0.7950 - iou_agriculture_rangeland: 0.7370 - iou_barren: 0.0090 - iou_forest: 0.6978 - iou_unknown: 0.0030 - iou_urban: 0.2717 - iou_water: 0.7230 - loss: 1.8279 - miou: 0.4069 - val_accuracy: 0.8227 - val_iou_agriculture_rangeland: 0.7377 - val_iou_barren: 0.0055 - val_iou_forest: 0.7919 - val_iou_unknown: 0.0025 - val_iou_urban: 0.4800 - val_iou_water: 0.8183 - val_loss: 1.6632 - val_miou: 0.4727 - learning_rate: 3.0000e-05
Epoch 9/80
80/80 - 14s - 173ms/step - accuracy: 0.8011 - iou_agriculture_rangeland: 0.7503 - iou_barren: 0.0094 - iou_forest: 0.6779 - iou_unknown: 0.0021 - iou_urban: 0.2575 - iou_water: 0.7619 - loss: 1.7851 - miou: 0.4099 - val_accuracy: 0.8402 - val_iou_agriculture_rangeland: 0.7693 - val_iou_barren: 0.0037 - val_iou_forest: 0.8071 - val_iou_unknown: 5.1424e-04 - val_iou_urban: 0.4670 - val_iou_water: 0.8732 - val_loss: 1.6384 - val_miou: 0.4868 - learning_rate: 3.0000e-05
Epoch 10/80
80/80 - 14s - 174ms/step - accuracy: 0.8160 - iou_agriculture_rangeland: 0.7653 - iou_barren: 0.0089 - iou_forest: 0.7308 - iou_unknown: 0.0018 - iou_urban: 0.2570 - iou_water: 0.7844 - loss: 1.7343 - miou: 0.4247 - val_accuracy: 0.8579 - val_iou_agriculture_rangeland: 0.7955 - val_iou_barren: 0.0037 - val_iou_forest: 0.8124 - val_iou_unknown: 2.1824e-04 - val_iou_urban: 0.5597 - val_iou_water: 0.8568 - val_loss: 1.5803 - val_miou: 0.5047 - learning_rate: 3.0000e-05
Epoch 11/80
80/80 - 13s - 164ms/step - accuracy: 0.8187 - iou_agriculture_rangeland: 0.7742 - iou_barren: 0.0100 - iou_forest: 0.7046 - iou_unknown: 0.0019 - iou_urban: 0.2791 - iou_water: 0.7952 - loss: 1.7133 - miou: 0.4275 - val_accuracy: 0.8482 - val_iou_agriculture_rangeland: 0.7782 - val_iou_barren: 0.0035 - val_iou_forest: 0.8091 - val_iou_unknown: 1.3596e-04 - val_iou_urban: 0.5485 - val_iou_water: 0.8354 - val_loss: 1.5722 - val_miou: 0.4958 - learning_rate: 3.0000e-05
Epoch 12/80
80/80 - 13s - 165ms/step - accuracy: 0.8166 - iou_agriculture_rangeland: 0.7718 - iou_barren: 0.0085 - iou_forest: 0.6956 - iou_unknown: 6.4404e-04 - iou_urban: 0.2779 - iou_water: 0.7892 - loss: 1.7200 - miou: 0.4239 - val_accuracy: 0.8568 - val_iou_agriculture_rangeland: 0.8074 - val_iou_barren: 0.0041 - val_iou_forest: 0.8190 - val_iou_unknown: 8.4911e-05 - val_iou_urban: 0.5001 - val_iou_water: 0.8759 - val_loss: 1.5548 - val_miou: 0.5011 - learning_rate: 3.0000e-05
Epoch 13/80
80/80 - 13s - 164ms/step - accuracy: 0.8289 - iou_agriculture_rangeland: 0.7779 - iou_barren: 0.0082 - iou_forest: 0.7489 - iou_unknown: 9.7109e-04 - iou_urban: 0.2770 - iou_water: 0.8190 - loss: 1.6661 - miou: 0.4387 - val_accuracy: 0.8372 - val_iou_agriculture_rangeland: 0.7762 - val_iou_barren: 0.0044 - val_iou_forest: 0.8161 - val_iou_unknown: 9.8140e-05 - val_iou_urban: 0.4418 - val_iou_water: 0.8655 - val_loss: 1.5822 - val_miou: 0.4840 - learning_rate: 3.0000e-05
Epoch 14/80
80/80 - 13s - 165ms/step - accuracy: 0.8337 - iou_agriculture_rangeland: 0.7944 - iou_barren: 0.0198 - iou_forest: 0.7302 - iou_unknown: 4.4871e-04 - iou_urban: 0.2807 - iou_water: 0.8245 - loss: 1.6407 - miou: 0.4417 - val_accuracy: 0.8452 - val_iou_agriculture_rangeland: 0.7868 - val_iou_barren: 0.0059 - val_iou_forest: 0.8163 - val_iou_unknown: 3.9590e-05 - val_iou_urban: 0.4789 - val_iou_water: 0.8568 - val_loss: 1.5727 - val_miou: 0.4908 - learning_rate: 3.0000e-05
Epoch 15/80
80/80 - 13s - 165ms/step - accuracy: 0.8259 - iou_agriculture_rangeland: 0.7890 - iou_barren: 0.0227 - iou_forest: 0.7222 - iou_unknown: 4.9989e-04 - iou_urban: 0.2771 - iou_water: 0.8021 - loss: 1.6424 - miou: 0.4356 - val_accuracy: 0.8431 - val_iou_agriculture_rangeland: 0.7774 - val_iou_barren: 0.0072 - val_iou_forest: 0.8090 - val_iou_unknown: 2.6409e-05 - val_iou_urban: 0.4969 - val_iou_water: 0.8460 - val_loss: 1.5425 - val_miou: 0.4894 - learning_rate: 3.0000e-05
Epoch 16/80

Epoch 16: ReduceLROnPlateau reducing learning rate to 1.4999999621068127e-05.
80/80 - 13s - 164ms/step - accuracy: 0.8339 - iou_agriculture_rangeland: 0.7929 - iou_barren: 0.0400 - iou_forest: 0.7350 - iou_unknown: 3.1399e-04 - iou_urban: 0.2865 - iou_water: 0.8277 - loss: 1.6142 - miou: 0.4471 - val_accuracy: 0.8515 - val_iou_agriculture_rangeland: 0.7888 - val_iou_barren: 0.0141 - val_iou_forest: 0.8075 - val_iou_unknown: 1.7611e-05 - val_iou_urban: 0.5118 - val_iou_water: 0.8709 - val_loss: 1.5088 - val_miou: 0.4989 - learning_rate: 3.0000e-05
Epoch 17/80
80/80 - 13s - 164ms/step - accuracy: 0.8484 - iou_agriculture_rangeland: 0.8249 - iou_barren: 0.0598 - iou_forest: 0.7442 - iou_unknown: 5.3436e-04 - iou_urban: 0.3181 - iou_water: 0.8335 - loss: 1.5763 - miou: 0.4635 - val_accuracy: 0.8532 - val_iou_agriculture_rangeland: 0.7932 - val_iou_barren: 0.0139 - val_iou_forest: 0.8192 - val_iou_unknown: 2.3483e-05 - val_iou_urban: 0.5165 - val_iou_water: 0.8633 - val_loss: 1.5058 - val_miou: 0.5010 - learning_rate: 1.5000e-05
Epoch 18/80
80/80 - 13s - 165ms/step - accuracy: 0.8401 - iou_agriculture_rangeland: 0.8108 - iou_barren: 0.0717 - iou_forest: 0.7339 - iou_unknown: 1.0076e-04 - iou_urban: 0.2736 - iou_water: 0.8294 - loss: 1.5953 - miou: 0.4532 - val_accuracy: 0.8494 - val_iou_agriculture_rangeland: 0.7845 - val_iou_barren: 0.0317 - val_iou_forest: 0.8125 - val_iou_unknown: 2.9355e-06 - val_iou_urban: 0.4873 - val_iou_water: 0.8895 - val_loss: 1.5031 - val_miou: 0.5009 - learning_rate: 1.5000e-05
Epoch 19/80
80/80 - 13s - 164ms/step - accuracy: 0.8567 - iou_agriculture_rangeland: 0.8302 - iou_barren: 0.0993 - iou_forest: 0.7621 - iou_unknown: 2.5532e-05 - iou_urban: 0.2831 - iou_water: 0.8780 - loss: 1.5412 - miou: 0.4755 - val_accuracy: 0.8381 - val_iou_agriculture_rangeland: 0.7658 - val_iou_barren: 0.0905 - val_iou_forest: 0.8169 - val_iou_unknown: 2.9356e-06 - val_iou_urban: 0.4594 - val_iou_water: 0.8697 - val_loss: 1.5269 - val_miou: 0.5004 - learning_rate: 1.5000e-05
Epoch 20/80
80/80 - 14s - 175ms/step - accuracy: 0.8639 - iou_agriculture_rangeland: 0.8393 - iou_barren: 0.1186 - iou_forest: 0.7471 - iou_unknown: 1.5345e-04 - iou_urban: 0.3161 - iou_water: 0.8853 - loss: 1.5370 - miou: 0.4844 - val_accuracy: 0.8296 - val_iou_agriculture_rangeland: 0.7421 - val_iou_barren: 0.1743 - val_iou_forest: 0.8027 - val_iou_unknown: 5.8716e-06 - val_iou_urban: 0.4910 - val_iou_water: 0.8296 - val_loss: 1.5366 - val_miou: 0.5066 - learning_rate: 1.5000e-05
Epoch 21/80
80/80 - 14s - 176ms/step - accuracy: 0.8398 - iou_agriculture_rangeland: 0.7953 - iou_barren: 0.1345 - iou_forest: 0.7635 - iou_unknown: 3.3378e-04 - iou_urban: 0.2934 - iou_water: 0.8080 - loss: 1.5907 - miou: 0.4658 - val_accuracy: 0.8425 - val_iou_agriculture_rangeland: 0.7725 - val_iou_barren: 0.2202 - val_iou_forest: 0.8226 - val_iou_unknown: 7.3394e-06 - val_iou_urban: 0.4898 - val_iou_water: 0.8658 - val_loss: 1.5274 - val_miou: 0.5285 - learning_rate: 1.5000e-05
Epoch 22/80
80/80 - 14s - 176ms/step - accuracy: 0.8486 - iou_agriculture_rangeland: 0.8160 - iou_barren: 0.1872 - iou_forest: 0.7510 - iou_unknown: 6.1096e-05 - iou_urban: 0.3067 - iou_water: 0.8236 - loss: 1.5517 - miou: 0.4808 - val_accuracy: 0.8417 - val_iou_agriculture_rangeland: 0.7640 - val_iou_barren: 0.2385 - val_iou_forest: 0.8160 - val_iou_unknown: 7.3394e-06 - val_iou_urban: 0.5243 - val_iou_water: 0.8590 - val_loss: 1.5090 - val_miou: 0.5336 - learning_rate: 1.5000e-05
Epoch 23/80
80/80 - 13s - 164ms/step - accuracy: 0.8603 - iou_agriculture_rangeland: 0.8304 - iou_barren: 0.2162 - iou_forest: 0.7479 - iou_unknown: 1.0086e-04 - iou_urban: 0.3498 - iou_water: 0.8503 - loss: 1.5256 - miou: 0.4991 - val_accuracy: 0.8228 - val_iou_agriculture_rangeland: 0.7256 - val_iou_barren: 0.2259 - val_iou_forest: 0.8076 - val_iou_unknown: 8.8076e-06 - val_iou_urban: 0.5241 - val_iou_water: 0.8207 - val_loss: 1.5340 - val_miou: 0.5173 - learning_rate: 1.5000e-05
Epoch 24/80
80/80 - 14s - 175ms/step - accuracy: 0.8685 - iou_agriculture_rangeland: 0.8358 - iou_barren: 0.2064 - iou_forest: 0.7684 - iou_unknown: 2.5730e-05 - iou_urban: 0.3330 - iou_water: 0.8845 - loss: 1.5089 - miou: 0.5047 - val_accuracy: 0.8527 - val_iou_agriculture_rangeland: 0.7757 - val_iou_barren: 0.2556 - val_iou_forest: 0.8089 - val_iou_unknown: 1.1744e-05 - val_iou_urban: 0.5826 - val_iou_water: 0.8769 - val_loss: 1.4937 - val_miou: 0.5500 - learning_rate: 1.5000e-05
Epoch 25/80
80/80 - 13s - 165ms/step - accuracy: 0.8565 - iou_agriculture_rangeland: 0.8187 - iou_barren: 0.2604 - iou_forest: 0.7313 - iou_unknown: 7.3690e-05 - iou_urban: 0.2976 - iou_water: 0.8718 - loss: 1.5339 - miou: 0.4966 - val_accuracy: 0.8454 - val_iou_agriculture_rangeland: 0.7641 - val_iou_barren: 0.2383 - val_iou_forest: 0.8090 - val_iou_unknown: 0.0000e+00 - val_iou_urban: 0.6032 - val_iou_water: 0.8507 - val_loss: 1.4932 - val_miou: 0.5442 - learning_rate: 1.5000e-05
Epoch 26/80
80/80 - 13s - 164ms/step - accuracy: 0.8606 - iou_agriculture_rangeland: 0.8274 - iou_barren: 0.2703 - iou_forest: 0.7356 - iou_unknown: 1.2769e-04 - iou_urban: 0.3431 - iou_water: 0.8523 - loss: 1.5256 - miou: 0.5048 - val_accuracy: 0.8426 - val_iou_agriculture_rangeland: 0.7556 - val_iou_barren: 0.2182 - val_iou_forest: 0.8192 - val_iou_unknown: 1.1742e-05 - val_iou_urban: 0.6039 - val_iou_water: 0.8773 - val_loss: 1.5121 - val_miou: 0.5457 - learning_rate: 1.5000e-05
Epoch 27/80
80/80 - 14s - 175ms/step - accuracy: 0.8708 - iou_agriculture_rangeland: 0.8387 - iou_barren: 0.3132 - iou_forest: 0.7481 - iou_unknown: 1.2325e-04 - iou_urban: 0.3815 - iou_water: 0.8616 - loss: 1.5034 - miou: 0.5239 - val_accuracy: 0.8598 - val_iou_agriculture_rangeland: 0.7853 - val_iou_barren: 0.2350 - val_iou_forest: 0.8215 - val_iou_unknown: 1.1742e-05 - val_iou_urban: 0.6707 - val_iou_water: 0.8750 - val_loss: 1.4628 - val_miou: 0.5646 - learning_rate: 1.5000e-05
Epoch 28/80
80/80 - 13s - 164ms/step - accuracy: 0.8795 - iou_agriculture_rangeland: 0.8458 - iou_barren: 0.3406 - iou_forest: 0.7808 - iou_unknown: 4.7773e-05 - iou_urban: 0.3929 - iou_water: 0.8760 - loss: 1.4772 - miou: 0.5394 - val_accuracy: 0.8444 - val_iou_agriculture_rangeland: 0.7614 - val_iou_barren: 0.2029 - val_iou_forest: 0.8176 - val_iou_unknown: 1.4675e-05 - val_iou_urban: 0.6271 - val_iou_water: 0.8761 - val_loss: 1.4871 - val_miou: 0.5475 - learning_rate: 1.5000e-05
Epoch 29/80
80/80 - 13s - 164ms/step - accuracy: 0.8832 - iou_agriculture_rangeland: 0.8476 - iou_barren: 0.3373 - iou_forest: 0.7817 - iou_unknown: 5.8637e-05 - iou_urban: 0.4092 - iou_water: 0.8942 - loss: 1.4664 - miou: 0.5450 - val_accuracy: 0.8583 - val_iou_agriculture_rangeland: 0.7843 - val_iou_barren: 0.2251 - val_iou_forest: 0.8187 - val_iou_unknown: 5.8701e-06 - val_iou_urban: 0.6538 - val_iou_water: 0.8877 - val_loss: 1.4656 - val_miou: 0.5616 - learning_rate: 1.5000e-05
Epoch 30/80
80/80 - 13s - 164ms/step - accuracy: 0.8834 - iou_agriculture_rangeland: 0.8472 - iou_barren: 0.3700 - iou_forest: 0.7705 - iou_unknown: 4.5966e-04 - iou_urban: 0.4508 - iou_water: 0.8755 - loss: 1.4694 - miou: 0.5524 - val_accuracy: 0.8476 - val_iou_agriculture_rangeland: 0.7615 - val_iou_barren: 0.2060 - val_iou_forest: 0.8160 - val_iou_unknown: 1.3208e-05 - val_iou_urban: 0.6473 - val_iou_water: 0.8825 - val_loss: 1.4758 - val_miou: 0.5522 - learning_rate: 1.5000e-05
Epoch 31/80
80/80 - 13s - 164ms/step - accuracy: 0.8745 - iou_agriculture_rangeland: 0.8406 - iou_barren: 0.3531 - iou_forest: 0.7556 - iou_unknown: 2.0386e-04 - iou_urban: 0.4285 - iou_water: 0.8552 - loss: 1.4881 - miou: 0.5389 - val_accuracy: 0.8465 - val_iou_agriculture_rangeland: 0.7652 - val_iou_barren: 0.2093 - val_iou_forest: 0.8142 - val_iou_unknown: 5.8670e-06 - val_iou_urban: 0.6623 - val_iou_water: 0.8537 - val_loss: 1.4800 - val_miou: 0.5508 - learning_rate: 1.5000e-05
Epoch 32/80
80/80 - 13s - 164ms/step - accuracy: 0.8824 - iou_agriculture_rangeland: 0.8471 - iou_barren: 0.3590 - iou_forest: 0.7658 - iou_unknown: 1.9490e-04 - iou_urban: 0.4677 - iou_water: 0.8773 - loss: 1.4634 - miou: 0.5528 - val_accuracy: 0.8401 - val_iou_agriculture_rangeland: 0.7513 - val_iou_barren: 0.1994 - val_iou_forest: 0.8238 - val_iou_unknown: 2.3474e-05 - val_iou_urban: 0.6638 - val_iou_water: 0.8520 - val_loss: 1.4777 - val_miou: 0.5484 - learning_rate: 1.5000e-05
Epoch 33/80
80/80 - 14s - 176ms/step - accuracy: 0.8894 - iou_agriculture_rangeland: 0.8543 - iou_barren: 0.3897 - iou_forest: 0.7868 - iou_unknown: 1.1153e-04 - iou_urban: 0.4240 - iou_water: 0.8943 - loss: 1.4463 - miou: 0.5582 - val_accuracy: 0.8611 - val_iou_agriculture_rangeland: 0.7880 - val_iou_barren: 0.2150 - val_iou_forest: 0.8160 - val_iou_unknown: 1.7596e-05 - val_iou_urban: 0.7379 - val_iou_water: 0.8784 - val_loss: 1.4535 - val_miou: 0.5725 - learning_rate: 1.5000e-05
Epoch 34/80
80/80 - 13s - 164ms/step - accuracy: 0.8870 - iou_agriculture_rangeland: 0.8490 - iou_barren: 0.4136 - iou_forest: 0.7718 - iou_unknown: 2.7742e-04 - iou_urban: 0.4901 - iou_water: 0.8762 - loss: 1.4429 - miou: 0.5668 - val_accuracy: 0.8611 - val_iou_agriculture_rangeland: 0.7925 - val_iou_barren: 0.1991 - val_iou_forest: 0.8262 - val_iou_unknown: 1.0267e-05 - val_iou_urban: 0.6981 - val_iou_water: 0.8842 - val_loss: 1.4485 - val_miou: 0.5667 - learning_rate: 1.5000e-05
Epoch 35/80
80/80 - 13s - 164ms/step - accuracy: 0.8824 - iou_agriculture_rangeland: 0.8425 - iou_barren: 0.3899 - iou_forest: 0.7762 - iou_unknown: 2.9121e-04 - iou_urban: 0.4855 - iou_water: 0.8624 - loss: 1.4519 - miou: 0.5595 - val_accuracy: 0.8502 - val_iou_agriculture_rangeland: 0.7722 - val_iou_barren: 0.1979 - val_iou_forest: 0.8273 - val_iou_unknown: 3.0790e-05 - val_iou_urban: 0.6774 - val_iou_water: 0.8553 - val_loss: 1.4561 - val_miou: 0.5550 - learning_rate: 1.5000e-05
Epoch 36/80
80/80 - 13s - 164ms/step - accuracy: 0.8783 - iou_agriculture_rangeland: 0.8313 - iou_barren: 0.3852 - iou_forest: 0.7691 - iou_unknown: 8.1683e-05 - iou_urban: 0.4392 - iou_water: 0.8769 - loss: 1.4549 - miou: 0.5503 - val_accuracy: 0.8379 - val_iou_agriculture_rangeland: 0.7460 - val_iou_barren: 0.1726 - val_iou_forest: 0.8201 - val_iou_unknown: 1.0690e-04 - val_iou_urban: 0.7039 - val_iou_water: 0.8696 - val_loss: 1.4785 - val_miou: 0.5521 - learning_rate: 1.5000e-05
Epoch 37/80
80/80 - 13s - 163ms/step - accuracy: 0.8835 - iou_agriculture_rangeland: 0.8412 - iou_barren: 0.3907 - iou_forest: 0.7779 - iou_unknown: 4.1174e-04 - iou_urban: 0.5046 - iou_water: 0.8651 - loss: 1.4510 - miou: 0.5633 - val_accuracy: 0.8564 - val_iou_agriculture_rangeland: 0.7805 - val_iou_barren: 0.1924 - val_iou_forest: 0.8255 - val_iou_unknown: 1.7573e-05 - val_iou_urban: 0.7180 - val_iou_water: 0.8867 - val_loss: 1.4464 - val_miou: 0.5672 - learning_rate: 1.5000e-05
Epoch 38/80
80/80 - 13s - 163ms/step - accuracy: 0.8952 - iou_agriculture_rangeland: 0.8610 - iou_barren: 0.4340 - iou_forest: 0.7791 - iou_unknown: 1.4601e-04 - iou_urban: 0.5143 - iou_water: 0.8846 - loss: 1.4273 - miou: 0.5788 - val_accuracy: 0.8512 - val_iou_agriculture_rangeland: 0.7676 - val_iou_barren: 0.1854 - val_iou_forest: 0.8310 - val_iou_unknown: 2.1829e-04 - val_iou_urban: 0.7269 - val_iou_water: 0.8763 - val_loss: 1.4470 - val_miou: 0.5646 - learning_rate: 1.5000e-05
Epoch 39/80
80/80 - 14s - 175ms/step - accuracy: 0.9007 - iou_agriculture_rangeland: 0.8664 - iou_barren: 0.4874 - iou_forest: 0.7830 - iou_unknown: 8.6705e-04 - iou_urban: 0.5705 - iou_water: 0.8872 - loss: 1.3972 - miou: 0.5992 - val_accuracy: 0.8580 - val_iou_agriculture_rangeland: 0.7779 - val_iou_barren: 0.2045 - val_iou_forest: 0.8224 - val_iou_unknown: 2.5449e-04 - val_iou_urban: 0.7623 - val_iou_water: 0.8753 - val_loss: 1.4363 - val_miou: 0.5738 - learning_rate: 1.5000e-05
Epoch 40/80
80/80 - 13s - 164ms/step - accuracy: 0.9024 - iou_agriculture_rangeland: 0.8681 - iou_barren: 0.4827 - iou_forest: 0.7807 - iou_unknown: 1.1542e-04 - iou_urban: 0.5685 - iou_water: 0.9007 - loss: 1.3910 - miou: 0.6001 - val_accuracy: 0.8568 - val_iou_agriculture_rangeland: 0.7815 - val_iou_barren: 0.1863 - val_iou_forest: 0.8196 - val_iou_unknown: 2.7762e-05 - val_iou_urban: 0.7154 - val_iou_water: 0.9026 - val_loss: 1.4405 - val_miou: 0.5676 - learning_rate: 1.5000e-05
Epoch 41/80
80/80 - 14s - 175ms/step - accuracy: 0.9058 - iou_agriculture_rangeland: 0.8720 - iou_barren: 0.4798 - iou_forest: 0.7992 - iou_unknown: 1.9793e-04 - iou_urban: 0.5879 - iou_water: 0.8990 - loss: 1.3861 - miou: 0.6063 - val_accuracy: 0.8637 - val_iou_agriculture_rangeland: 0.7906 - val_iou_barren: 0.2061 - val_iou_forest: 0.8292 - val_iou_unknown: 1.5491e-04 - val_iou_urban: 0.7614 - val_iou_water: 0.8679 - val_loss: 1.4070 - val_miou: 0.5759 - learning_rate: 1.5000e-05
Epoch 42/80
80/80 - 13s - 164ms/step - accuracy: 0.8917 - iou_agriculture_rangeland: 0.8519 - iou_barren: 0.4414 - iou_forest: 0.7790 - iou_unknown: 2.8586e-04 - iou_urban: 0.5240 - iou_water: 0.8797 - loss: 1.4108 - miou: 0.5794 - val_accuracy: 0.8583 - val_iou_agriculture_rangeland: 0.7811 - val_iou_barren: 0.1900 - val_iou_forest: 0.8261 - val_iou_unknown: 2.0138e-04 - val_iou_urban: 0.7698 - val_iou_water: 0.8812 - val_loss: 1.4290 - val_miou: 0.5747 - learning_rate: 1.5000e-05
Epoch 43/80
80/80 - 13s - 165ms/step - accuracy: 0.8995 - iou_agriculture_rangeland: 0.8626 - iou_barren: 0.4638 - iou_forest: 0.7785 - iou_unknown: 1.3648e-04 - iou_urban: 0.5059 - iou_water: 0.9144 - loss: 1.3780 - miou: 0.5876 - val_accuracy: 0.8297 - val_iou_agriculture_rangeland: 0.7287 - val_iou_barren: 0.1759 - val_iou_forest: 0.8111 - val_iou_unknown: 3.2080e-04 - val_iou_urban: 0.7310 - val_iou_water: 0.8457 - val_loss: 1.4820 - val_miou: 0.5488 - learning_rate: 1.5000e-05
Epoch 44/80
80/80 - 13s - 165ms/step - accuracy: 0.9111 - iou_agriculture_rangeland: 0.8791 - iou_barren: 0.4926 - iou_forest: 0.7995 - iou_unknown: 4.3505e-04 - iou_urban: 0.5742 - iou_water: 0.9240 - loss: 1.3597 - miou: 0.6116 - val_accuracy: 0.8536 - val_iou_agriculture_rangeland: 0.7686 - val_iou_barren: 0.2011 - val_iou_forest: 0.8225 - val_iou_unknown: 7.7925e-04 - val_iou_urban: 0.7434 - val_iou_water: 0.8824 - val_loss: 1.4266 - val_miou: 0.5698 - learning_rate: 1.5000e-05
Epoch 45/80
80/80 - 13s - 165ms/step - accuracy: 0.9048 - iou_agriculture_rangeland: 0.8656 - iou_barren: 0.4967 - iou_forest: 0.7968 - iou_unknown: 4.6737e-04 - iou_urban: 0.5721 - iou_water: 0.9030 - loss: 1.3720 - miou: 0.6058 - val_accuracy: 0.8606 - val_iou_agriculture_rangeland: 0.7902 - val_iou_barren: 0.1858 - val_iou_forest: 0.8332 - val_iou_unknown: 1.1368e-04 - val_iou_urban: 0.7202 - val_iou_water: 0.8938 - val_loss: 1.4187 - val_miou: 0.5706 - learning_rate: 1.5000e-05
Epoch 46/80
80/80 - 14s - 176ms/step - accuracy: 0.9077 - iou_agriculture_rangeland: 0.8726 - iou_barren: 0.5244 - iou_forest: 0.7864 - iou_unknown: 4.0666e-05 - iou_urban: 0.6183 - iou_water: 0.8987 - loss: 1.3624 - miou: 0.6167 - val_accuracy: 0.8703 - val_iou_agriculture_rangeland: 0.7994 - val_iou_barren: 0.2112 - val_iou_forest: 0.8222 - val_iou_unknown: 1.4564e-04 - val_iou_urban: 0.7837 - val_iou_water: 0.8903 - val_loss: 1.3926 - val_miou: 0.5845 - learning_rate: 1.5000e-05
Epoch 47/80
80/80 - 13s - 163ms/step - accuracy: 0.9089 - iou_agriculture_rangeland: 0.8758 - iou_barren: 0.4952 - iou_forest: 0.7907 - iou_unknown: 0.0017 - iou_urban: 0.6097 - iou_water: 0.9094 - loss: 1.3597 - miou: 0.6137 - val_accuracy: 0.8455 - val_iou_agriculture_rangeland: 0.7541 - val_iou_barren: 0.1872 - val_iou_forest: 0.8151 - val_iou_unknown: 4.3214e-04 - val_iou_urban: 0.7462 - val_iou_water: 0.8698 - val_loss: 1.4402 - val_miou: 0.5621 - learning_rate: 1.5000e-05
Epoch 48/80
80/80 - 13s - 165ms/step - accuracy: 0.9112 - iou_agriculture_rangeland: 0.8762 - iou_barren: 0.5115 - iou_forest: 0.8070 - iou_unknown: 0.0011 - iou_urban: 0.6126 - iou_water: 0.9109 - loss: 1.3411 - miou: 0.6199 - val_accuracy: 0.8184 - val_iou_agriculture_rangeland: 0.7083 - val_iou_barren: 0.1704 - val_iou_forest: 0.8086 - val_iou_unknown: 1.8293e-04 - val_iou_urban: 0.7006 - val_iou_water: 0.8041 - val_loss: 1.4825 - val_miou: 0.5320 - learning_rate: 1.5000e-05
Epoch 49/80
80/80 - 13s - 164ms/step - accuracy: 0.9177 - iou_agriculture_rangeland: 0.8785 - iou_barren: 0.5245 - iou_forest: 0.8104 - iou_unknown: 2.2539e-05 - iou_urban: 0.6784 - iou_water: 0.9290 - loss: 1.3282 - miou: 0.6368 - val_accuracy: 0.8525 - val_iou_agriculture_rangeland: 0.7661 - val_iou_barren: 0.1822 - val_iou_forest: 0.8166 - val_iou_unknown: 7.5226e-04 - val_iou_urban: 0.7745 - val_iou_water: 0.8756 - val_loss: 1.4096 - val_miou: 0.5693 - learning_rate: 1.5000e-05
Epoch 50/80
80/80 - 13s - 165ms/step - accuracy: 0.9045 - iou_agriculture_rangeland: 0.8705 - iou_barren: 0.5088 - iou_forest: 0.7860 - iou_unknown: 3.5838e-04 - iou_urban: 0.6021 - iou_water: 0.8874 - loss: 1.3499 - miou: 0.6092 - val_accuracy: 0.8652 - val_iou_agriculture_rangeland: 0.7884 - val_iou_barren: 0.1861 - val_iou_forest: 0.8294 - val_iou_unknown: 4.8415e-04 - val_iou_urban: 0.7677 - val_iou_water: 0.9132 - val_loss: 1.3906 - val_miou: 0.5809 - learning_rate: 1.5000e-05
Epoch 51/80
80/80 - 14s - 176ms/step - accuracy: 0.9173 - iou_agriculture_rangeland: 0.8814 - iou_barren: 0.5523 - iou_forest: 0.8127 - iou_unknown: 7.1596e-04 - iou_urban: 0.6263 - iou_water: 0.9231 - loss: 1.3200 - miou: 0.6328 - val_accuracy: 0.8696 - val_iou_agriculture_rangeland: 0.7942 - val_iou_barren: 0.2155 - val_iou_forest: 0.8264 - val_iou_unknown: 0.0011 - val_iou_urban: 0.7814 - val_iou_water: 0.8929 - val_loss: 1.3726 - val_miou: 0.5852 - learning_rate: 1.5000e-05
Epoch 52/80
80/80 - 14s - 176ms/step - accuracy: 0.9178 - iou_agriculture_rangeland: 0.8897 - iou_barren: 0.5307 - iou_forest: 0.8030 - iou_unknown: 0.0020 - iou_urban: 0.6818 - iou_water: 0.9109 - loss: 1.3066 - miou: 0.6364 - val_accuracy: 0.8790 - val_iou_agriculture_rangeland: 0.8171 - val_iou_barren: 0.2045 - val_iou_forest: 0.8347 - val_iou_unknown: 1.2818e-04 - val_iou_urban: 0.7853 - val_iou_water: 0.9191 - val_loss: 1.3575 - val_miou: 0.5935 - learning_rate: 1.5000e-05
Epoch 53/80
80/80 - 13s - 165ms/step - accuracy: 0.9083 - iou_agriculture_rangeland: 0.8789 - iou_barren: 0.5212 - iou_forest: 0.7827 - iou_unknown: 3.8921e-05 - iou_urban: 0.6892 - iou_water: 0.8830 - loss: 1.3306 - miou: 0.6258 - val_accuracy: 0.8431 - val_iou_agriculture_rangeland: 0.7519 - val_iou_barren: 0.1759 - val_iou_forest: 0.8235 - val_iou_unknown: 4.7269e-04 - val_iou_urban: 0.7438 - val_iou_water: 0.8775 - val_loss: 1.4260 - val_miou: 0.5622 - learning_rate: 1.5000e-05
Epoch 54/80
80/80 - 13s - 165ms/step - accuracy: 0.9177 - iou_agriculture_rangeland: 0.8772 - iou_barren: 0.5464 - iou_forest: 0.8166 - iou_unknown: 2.0800e-04 - iou_urban: 0.6522 - iou_water: 0.9259 - loss: 1.3164 - miou: 0.6364 - val_accuracy: 0.8506 - val_iou_agriculture_rangeland: 0.7661 - val_iou_barren: 0.1970 - val_iou_forest: 0.8065 - val_iou_unknown: 1.7789e-04 - val_iou_urban: 0.7313 - val_iou_water: 0.8584 - val_loss: 1.4115 - val_miou: 0.5599 - learning_rate: 1.5000e-05
Epoch 55/80
80/80 - 13s - 165ms/step - accuracy: 0.9176 - iou_agriculture_rangeland: 0.8855 - iou_barren: 0.4934 - iou_forest: 0.8087 - iou_unknown: 0.0014 - iou_urban: 0.6536 - iou_water: 0.9301 - loss: 1.3119 - miou: 0.6288 - val_accuracy: 0.8601 - val_iou_agriculture_rangeland: 0.7805 - val_iou_barren: 0.1985 - val_iou_forest: 0.8202 - val_iou_unknown: 4.0324e-04 - val_iou_urban: 0.7629 - val_iou_water: 0.8850 - val_loss: 1.3888 - val_miou: 0.5746 - learning_rate: 1.5000e-05
Epoch 56/80
80/80 - 13s - 164ms/step - accuracy: 0.9199 - iou_agriculture_rangeland: 0.8903 - iou_barren: 0.5440 - iou_forest: 0.8001 - iou_unknown: 3.4265e-05 - iou_urban: 0.6882 - iou_water: 0.9214 - loss: 1.2848 - miou: 0.6407 - val_accuracy: 0.8660 - val_iou_agriculture_rangeland: 0.7937 - val_iou_barren: 0.1936 - val_iou_forest: 0.8320 - val_iou_unknown: 3.7584e-04 - val_iou_urban: 0.7879 - val_iou_water: 0.8945 - val_loss: 1.3712 - val_miou: 0.5837 - learning_rate: 1.5000e-05
Epoch 57/80
80/80 - 13s - 164ms/step - accuracy: 0.9141 - iou_agriculture_rangeland: 0.8758 - iou_barren: 0.5464 - iou_forest: 0.8128 - iou_unknown: 3.3200e-04 - iou_urban: 0.6621 - iou_water: 0.9062 - loss: 1.3024 - miou: 0.6339 - val_accuracy: 0.8630 - val_iou_agriculture_rangeland: 0.7863 - val_iou_barren: 0.1933 - val_iou_forest: 0.8293 - val_iou_unknown: 3.3764e-04 - val_iou_urban: 0.7771 - val_iou_water: 0.8879 - val_loss: 1.3773 - val_miou: 0.5790 - learning_rate: 1.5000e-05
Epoch 58/80

Epoch 58: ReduceLROnPlateau reducing learning rate to 7.499999810534064e-06.
80/80 - 13s - 165ms/step - accuracy: 0.9210 - iou_agriculture_rangeland: 0.8852 - iou_barren: 0.5371 - iou_forest: 0.8125 - iou_unknown: 8.0422e-05 - iou_urban: 0.6871 - iou_water: 0.9348 - loss: 1.2916 - miou: 0.6428 - val_accuracy: 0.8455 - val_iou_agriculture_rangeland: 0.7544 - val_iou_barren: 0.1828 - val_iou_forest: 0.8117 - val_iou_unknown: 2.9802e-04 - val_iou_urban: 0.7764 - val_iou_water: 0.8551 - val_loss: 1.4058 - val_miou: 0.5634 - learning_rate: 1.5000e-05
Epoch 59/80
80/80 - 13s - 164ms/step - accuracy: 0.9172 - iou_agriculture_rangeland: 0.8874 - iou_barren: 0.5390 - iou_forest: 0.7971 - iou_unknown: 0.0025 - iou_urban: 0.6737 - iou_water: 0.9123 - loss: 1.2924 - miou: 0.6353 - val_accuracy: 0.8565 - val_iou_agriculture_rangeland: 0.7734 - val_iou_barren: 0.2005 - val_iou_forest: 0.8229 - val_iou_unknown: 5.4245e-04 - val_iou_urban: 0.7674 - val_iou_water: 0.8605 - val_loss: 1.3776 - val_miou: 0.5709 - learning_rate: 7.5000e-06
Epoch 60/80
80/80 - 13s - 164ms/step - accuracy: 0.9233 - iou_agriculture_rangeland: 0.8898 - iou_barren: 0.5440 - iou_forest: 0.8100 - iou_unknown: 8.2810e-04 - iou_urban: 0.6979 - iou_water: 0.9385 - loss: 1.2727 - miou: 0.6468 - val_accuracy: 0.8559 - val_iou_agriculture_rangeland: 0.7722 - val_iou_barren: 0.1974 - val_iou_forest: 0.8279 - val_iou_unknown: 8.1497e-04 - val_iou_urban: 0.7685 - val_iou_water: 0.8687 - val_loss: 1.3788 - val_miou: 0.5726 - learning_rate: 7.5000e-06
Epoch 61/80
80/80 - 13s - 164ms/step - accuracy: 0.9298 - iou_agriculture_rangeland: 0.9021 - iou_barren: 0.5730 - iou_forest: 0.8201 - iou_unknown: 3.9082e-04 - iou_urban: 0.7071 - iou_water: 0.9422 - loss: 1.2516 - miou: 0.6575 - val_accuracy: 0.8714 - val_iou_agriculture_rangeland: 0.7990 - val_iou_barren: 0.2168 - val_iou_forest: 0.8356 - val_iou_unknown: 0.0013 - val_iou_urban: 0.7921 - val_iou_water: 0.8869 - val_loss: 1.3416 - val_miou: 0.5886 - learning_rate: 7.5000e-06
Epoch 62/80
80/80 - 13s - 163ms/step - accuracy: 0.9237 - iou_agriculture_rangeland: 0.8924 - iou_barren: 0.5594 - iou_forest: 0.8049 - iou_unknown: 1.2799e-04 - iou_urban: 0.7034 - iou_water: 0.9349 - loss: 1.2740 - miou: 0.6492 - val_accuracy: 0.8607 - val_iou_agriculture_rangeland: 0.7805 - val_iou_barren: 0.2010 - val_iou_forest: 0.8338 - val_iou_unknown: 0.0011 - val_iou_urban: 0.7609 - val_iou_water: 0.8812 - val_loss: 1.3681 - val_miou: 0.5764 - learning_rate: 7.5000e-06
Epoch 63/80
80/80 - 13s - 162ms/step - accuracy: 0.9224 - iou_agriculture_rangeland: 0.8900 - iou_barren: 0.5641 - iou_forest: 0.8100 - iou_unknown: 2.7034e-04 - iou_urban: 0.7152 - iou_water: 0.9242 - loss: 1.2724 - miou: 0.6506 - val_accuracy: 0.8662 - val_iou_agriculture_rangeland: 0.7898 - val_iou_barren: 0.2068 - val_iou_forest: 0.8344 - val_iou_unknown: 5.3977e-04 - val_iou_urban: 0.8034 - val_iou_water: 0.8731 - val_loss: 1.3540 - val_miou: 0.5847 - learning_rate: 7.5000e-06
Epoch 64/80

Epoch 64: ReduceLROnPlateau reducing learning rate to 3.749999905267032e-06.
80/80 - 13s - 162ms/step - accuracy: 0.9180 - iou_agriculture_rangeland: 0.8802 - iou_barren: 0.5465 - iou_forest: 0.8121 - iou_unknown: 4.5644e-04 - iou_urban: 0.6723 - iou_water: 0.9248 - loss: 1.2801 - miou: 0.6394 - val_accuracy: 0.8640 - val_iou_agriculture_rangeland: 0.7850 - val_iou_barren: 0.1966 - val_iou_forest: 0.8316 - val_iou_unknown: 5.1563e-04 - val_iou_urban: 0.8051 - val_iou_water: 0.8840 - val_loss: 1.3608 - val_miou: 0.5838 - learning_rate: 7.5000e-06
Epoch 65/80
80/80 - 13s - 164ms/step - accuracy: 0.9293 - iou_agriculture_rangeland: 0.9034 - iou_barren: 0.6122 - iou_forest: 0.8111 - iou_unknown: 0.0015 - iou_urban: 0.6807 - iou_water: 0.9369 - loss: 1.2545 - miou: 0.6576 - val_accuracy: 0.8656 - val_iou_agriculture_rangeland: 0.7869 - val_iou_barren: 0.2091 - val_iou_forest: 0.8307 - val_iou_unknown: 6.7315e-04 - val_iou_urban: 0.8030 - val_iou_water: 0.8754 - val_loss: 1.3548 - val_miou: 0.5843 - learning_rate: 3.7500e-06
Epoch 66/80
80/80 - 13s - 164ms/step - accuracy: 0.9281 - iou_agriculture_rangeland: 0.8959 - iou_barren: 0.5558 - iou_forest: 0.8274 - iou_unknown: 0.0076 - iou_urban: 0.7019 - iou_water: 0.9447 - loss: 1.2653 - miou: 0.6556 - val_accuracy: 0.8608 - val_iou_agriculture_rangeland: 0.7801 - val_iou_barren: 0.2020 - val_iou_forest: 0.8301 - val_iou_unknown: 4.4420e-04 - val_iou_urban: 0.7888 - val_iou_water: 0.8664 - val_loss: 1.3654 - val_miou: 0.5780 - learning_rate: 3.7500e-06
Epoch 67/80
80/80 - 13s - 163ms/step - accuracy: 0.9247 - iou_agriculture_rangeland: 0.8916 - iou_barren: 0.5700 - iou_forest: 0.8077 - iou_unknown: 0.0011 - iou_urban: 0.7241 - iou_water: 0.9351 - loss: 1.2596 - miou: 0.6549 - val_accuracy: 0.8579 - val_iou_agriculture_rangeland: 0.7735 - val_iou_barren: 0.2020 - val_iou_forest: 0.8281 - val_iou_unknown: 4.0302e-04 - val_iou_urban: 0.7998 - val_iou_water: 0.8590 - val_loss: 1.3695 - val_miou: 0.5771 - learning_rate: 3.7500e-06
Epoch 67: early stopping
Restoring model weights from the end of the best epoch: 52.

-- unk05: 286/320 sub-tiles, 4,492 Unknown px excluded
   px acc 0.9068   mIoU 0.7287
     Urban                  0.8109
     Agriculture_Rangeland  0.8474
     Forest                 0.8382
     Water                  0.9193
     Barren                 0.2278
     Unknown                absent

-- unk25: 305/320 sub-tiles, 144,229 Unknown px excluded
   px acc 0.9075   mIoU 0.7274
     Urban                  0.7937
     Agriculture_Rangeland  0.8524
     Forest                 0.8418
     Water                  0.9193
     Barren                 0.2299
     Unknown                absent

wrote /home/jvpcms/ime/PFC/results/finetune_experiments/scratch-lr3e-05-tr40/metrics.json
