== finetune-lr0.0003-tr40
train 40 tiles -> 640 sub-tiles | test 20 tiles -> 320 sub-tiles
Epoch 1/80
WARNING: All log messages before absl::InitializeLog() is called are written to STDERR
E0000 00:00:1790166571.125135 1223061 cuda_timer.cc:87] Delay kernel timed out: measured time has sub-optimal accuracy. There may be a missing warmup execution, please investigate in Nsight Systems.
E0000 00:00:1790166596.229309 1223061 cuda_timer.cc:87] Delay kernel timed out: measured time has sub-optimal accuracy. There may be a missing warmup execution, please investigate in Nsight Systems.
80/80 - 183s - 2s/step - accuracy: 0.7524 - iou_agriculture_rangeland: 0.6995 - iou_barren: 0.1308 - iou_forest: 0.5702 - iou_unknown: 0.0000e+00 - iou_urban: 0.1531 - iou_water: 0.6326 - loss: 1.6446 - miou: 0.3644 - val_accuracy: 0.8173 - val_iou_agriculture_rangeland: 0.7192 - val_iou_barren: 0.1030 - val_iou_forest: 0.7131 - val_iou_unknown: 0.0000e+00 - val_iou_urban: 0.3276 - val_iou_water: 0.8493 - val_loss: 1.7084 - val_miou: 0.4521 - learning_rate: 3.0000e-04
Epoch 2/80
80/80 - 14s - 175ms/step - accuracy: 0.8246 - iou_agriculture_rangeland: 0.7529 - iou_barren: 0.1781 - iou_forest: 0.6949 - iou_unknown: 0.0000e+00 - iou_urban: 0.4258 - iou_water: 0.7503 - loss: 1.3440 - miou: 0.4670 - val_accuracy: 0.8838 - val_iou_agriculture_rangeland: 0.8285 - val_iou_barren: 0.2788 - val_iou_forest: 0.7808 - val_iou_unknown: 0.0000e+00 - val_iou_urban: 0.7807 - val_iou_water: 0.9293 - val_loss: 1.3489 - val_miou: 0.5997 - learning_rate: 3.0000e-04
Epoch 3/80
80/80 - 14s - 173ms/step - accuracy: 0.8386 - iou_agriculture_rangeland: 0.7670 - iou_barren: 0.2654 - iou_forest: 0.6915 - iou_unknown: 0.0000e+00 - iou_urban: 0.5446 - iou_water: 0.7880 - loss: 1.2946 - miou: 0.5094 - val_accuracy: 0.8838 - val_iou_agriculture_rangeland: 0.8189 - val_iou_barren: 0.2778 - val_iou_forest: 0.8213 - val_iou_unknown: 0.0000e+00 - val_iou_urban: 0.8144 - val_iou_water: 0.9117 - val_loss: 1.4821 - val_miou: 0.6074 - learning_rate: 3.0000e-04
Epoch 4/80
80/80 - 14s - 173ms/step - accuracy: 0.8547 - iou_agriculture_rangeland: 0.7938 - iou_barren: 0.2489 - iou_forest: 0.7405 - iou_unknown: 0.0000e+00 - iou_urban: 0.6299 - iou_water: 0.7899 - loss: 1.2613 - miou: 0.5338 - val_accuracy: 0.8947 - val_iou_agriculture_rangeland: 0.8398 - val_iou_barren: 0.2906 - val_iou_forest: 0.8082 - val_iou_unknown: 0.0000e+00 - val_iou_urban: 0.8321 - val_iou_water: 0.9212 - val_loss: 1.3415 - val_miou: 0.6153 - learning_rate: 3.0000e-04
Epoch 5/80
80/80 - 13s - 162ms/step - accuracy: 0.8769 - iou_agriculture_rangeland: 0.8170 - iou_barren: 0.2990 - iou_forest: 0.7529 - iou_unknown: 0.0000e+00 - iou_urban: 0.7177 - iou_water: 0.8591 - loss: 1.1749 - miou: 0.5743 - val_accuracy: 0.8732 - val_iou_agriculture_rangeland: 0.8000 - val_iou_barren: 0.2380 - val_iou_forest: 0.8157 - val_iou_unknown: 0.0000e+00 - val_iou_urban: 0.8469 - val_iou_water: 0.8722 - val_loss: 1.2896 - val_miou: 0.5955 - learning_rate: 3.0000e-04
Epoch 6/80
80/80 - 13s - 163ms/step - accuracy: 0.8919 - iou_agriculture_rangeland: 0.8380 - iou_barren: 0.3956 - iou_forest: 0.7751 - iou_unknown: 0.0000e+00 - iou_urban: 0.5901 - iou_water: 0.9009 - loss: 1.1251 - miou: 0.5833 - val_accuracy: 0.8465 - val_iou_agriculture_rangeland: 0.7485 - val_iou_barren: 0.1562 - val_iou_forest: 0.7961 - val_iou_unknown: 0.0000e+00 - val_iou_urban: 0.8426 - val_iou_water: 0.9425 - val_loss: 1.3274 - val_miou: 0.5810 - learning_rate: 3.0000e-04
Epoch 7/80
80/80 - 13s - 163ms/step - accuracy: 0.8752 - iou_agriculture_rangeland: 0.8219 - iou_barren: 0.3644 - iou_forest: 0.7424 - iou_unknown: 0.0000e+00 - iou_urban: 0.6716 - iou_water: 0.8320 - loss: 1.1830 - miou: 0.5721 - val_accuracy: 0.8208 - val_iou_agriculture_rangeland: 0.7165 - val_iou_barren: 0.2863 - val_iou_forest: 0.7778 - val_iou_unknown: 0.0000e+00 - val_iou_urban: 0.8424 - val_iou_water: 0.6971 - val_loss: 1.5087 - val_miou: 0.5534 - learning_rate: 3.0000e-04
Epoch 8/80
80/80 - 13s - 164ms/step - accuracy: 0.8917 - iou_agriculture_rangeland: 0.8361 - iou_barren: 0.3798 - iou_forest: 0.7792 - iou_unknown: 0.0000e+00 - iou_urban: 0.7160 - iou_water: 0.8799 - loss: 1.1317 - miou: 0.5985 - val_accuracy: 0.8766 - val_iou_agriculture_rangeland: 0.8064 - val_iou_barren: 0.2278 - val_iou_forest: 0.8306 - val_iou_unknown: 0.0000e+00 - val_iou_urban: 0.8868 - val_iou_water: 0.8922 - val_loss: 1.3073 - val_miou: 0.6073 - learning_rate: 3.0000e-04
Epoch 9/80
80/80 - 13s - 162ms/step - accuracy: 0.8797 - iou_agriculture_rangeland: 0.8138 - iou_barren: 0.3596 - iou_forest: 0.7676 - iou_unknown: 0.0000e+00 - iou_urban: 0.6893 - iou_water: 0.8619 - loss: 1.1511 - miou: 0.5820 - val_accuracy: 0.8500 - val_iou_agriculture_rangeland: 0.7610 - val_iou_barren: 0.3201 - val_iou_forest: 0.7847 - val_iou_unknown: 0.0000e+00 - val_iou_urban: 0.6811 - val_iou_water: 0.8411 - val_loss: 1.4111 - val_miou: 0.5647 - learning_rate: 3.0000e-04
Epoch 10/80
80/80 - 14s - 173ms/step - accuracy: 0.9025 - iou_agriculture_rangeland: 0.8500 - iou_barren: 0.4055 - iou_forest: 0.7993 - iou_unknown: 0.0000e+00 - iou_urban: 0.7739 - iou_water: 0.8980 - loss: 1.0812 - miou: 0.6211 - val_accuracy: 0.8944 - val_iou_agriculture_rangeland: 0.8269 - val_iou_barren: 0.3765 - val_iou_forest: 0.8295 - val_iou_unknown: 0.0000e+00 - val_iou_urban: 0.8937 - val_iou_water: 0.8848 - val_loss: 1.2819 - val_miou: 0.6352 - learning_rate: 3.0000e-04
Epoch 11/80
80/80 - 13s - 164ms/step - accuracy: 0.9115 - iou_agriculture_rangeland: 0.8635 - iou_barren: 0.4194 - iou_forest: 0.7826 - iou_unknown: 0.0000e+00 - iou_urban: 0.8619 - iou_water: 0.9274 - loss: 1.0450 - miou: 0.6425 - val_accuracy: 0.8631 - val_iou_agriculture_rangeland: 0.7886 - val_iou_barren: 0.3683 - val_iou_forest: 0.8237 - val_iou_unknown: 0.0000e+00 - val_iou_urban: 0.8207 - val_iou_water: 0.7703 - val_loss: 1.3640 - val_miou: 0.5953 - learning_rate: 3.0000e-04
Epoch 12/80
80/80 - 13s - 162ms/step - accuracy: 0.9141 - iou_agriculture_rangeland: 0.8691 - iou_barren: 0.4320 - iou_forest: 0.7874 - iou_unknown: 0.0000e+00 - iou_urban: 0.8344 - iou_water: 0.9290 - loss: 1.0504 - miou: 0.6420 - val_accuracy: 0.8632 - val_iou_agriculture_rangeland: 0.7860 - val_iou_barren: 0.2678 - val_iou_forest: 0.8459 - val_iou_unknown: 0.0000e+00 - val_iou_urban: 0.8811 - val_iou_water: 0.7308 - val_loss: 1.4523 - val_miou: 0.5853 - learning_rate: 3.0000e-04
Epoch 13/80
80/80 - 13s - 162ms/step - accuracy: 0.9257 - iou_agriculture_rangeland: 0.8817 - iou_barren: 0.4600 - iou_forest: 0.8233 - iou_unknown: 0.0000e+00 - iou_urban: 0.8543 - iou_water: 0.9519 - loss: 1.0001 - miou: 0.6619 - val_accuracy: 0.8685 - val_iou_agriculture_rangeland: 0.7911 - val_iou_barren: 0.3763 - val_iou_forest: 0.8223 - val_iou_unknown: 0.0000e+00 - val_iou_urban: 0.8647 - val_iou_water: 0.7961 - val_loss: 1.3246 - val_miou: 0.6084 - learning_rate: 3.0000e-04
Epoch 14/80
80/80 - 13s - 162ms/step - accuracy: 0.9242 - iou_agriculture_rangeland: 0.8861 - iou_barren: 0.5233 - iou_forest: 0.8070 - iou_unknown: 0.0000e+00 - iou_urban: 0.7872 - iou_water: 0.9390 - loss: 0.9976 - miou: 0.6571 - val_accuracy: 0.9034 - val_iou_agriculture_rangeland: 0.8512 - val_iou_barren: 0.3226 - val_iou_forest: 0.8325 - val_iou_unknown: 0.0000e+00 - val_iou_urban: 0.8305 - val_iou_water: 0.9447 - val_loss: 1.2437 - val_miou: 0.6302 - learning_rate: 3.0000e-04
Epoch 15/80
80/80 - 13s - 163ms/step - accuracy: 0.9171 - iou_agriculture_rangeland: 0.8747 - iou_barren: 0.4467 - iou_forest: 0.8046 - iou_unknown: 0.0000e+00 - iou_urban: 0.8032 - iou_water: 0.9287 - loss: 1.0176 - miou: 0.6430 - val_accuracy: 0.8937 - val_iou_agriculture_rangeland: 0.8385 - val_iou_barren: 0.2560 - val_iou_forest: 0.8329 - val_iou_unknown: 0.0000e+00 - val_iou_urban: 0.8719 - val_iou_water: 0.9436 - val_loss: 1.3168 - val_miou: 0.6238 - learning_rate: 3.0000e-04
Epoch 16/80
80/80 - 14s - 176ms/step - accuracy: 0.9255 - iou_agriculture_rangeland: 0.8837 - iou_barren: 0.4640 - iou_forest: 0.8196 - iou_unknown: 0.0000e+00 - iou_urban: 0.8489 - iou_water: 0.9512 - loss: 0.9943 - miou: 0.6612 - val_accuracy: 0.9097 - val_iou_agriculture_rangeland: 0.8540 - val_iou_barren: 0.3310 - val_iou_forest: 0.8421 - val_iou_unknown: 0.0000e+00 - val_iou_urban: 0.8795 - val_iou_water: 0.9456 - val_loss: 1.2390 - val_miou: 0.6420 - learning_rate: 3.0000e-04
Epoch 17/80
80/80 - 13s - 165ms/step - accuracy: 0.9361 - iou_agriculture_rangeland: 0.9012 - iou_barren: 0.5692 - iou_forest: 0.8281 - iou_unknown: 0.0000e+00 - iou_urban: 0.8756 - iou_water: 0.9543 - loss: 0.9546 - miou: 0.6881 - val_accuracy: 0.8964 - val_iou_agriculture_rangeland: 0.8300 - val_iou_barren: 0.2976 - val_iou_forest: 0.8236 - val_iou_unknown: 0.0000e+00 - val_iou_urban: 0.8929 - val_iou_water: 0.9324 - val_loss: 1.2499 - val_miou: 0.6294 - learning_rate: 3.0000e-04
Epoch 18/80
80/80 - 13s - 163ms/step - accuracy: 0.9272 - iou_agriculture_rangeland: 0.8909 - iou_barren: 0.5183 - iou_forest: 0.8203 - iou_unknown: 0.0000e+00 - iou_urban: 0.7779 - iou_water: 0.9433 - loss: 0.9857 - miou: 0.6584 - val_accuracy: 0.9055 - val_iou_agriculture_rangeland: 0.8468 - val_iou_barren: 0.2350 - val_iou_forest: 0.8316 - val_iou_unknown: 0.0000e+00 - val_iou_urban: 0.8586 - val_iou_water: 0.9474 - val_loss: 1.3387 - val_miou: 0.6199 - learning_rate: 3.0000e-04
Epoch 19/80
80/80 - 14s - 174ms/step - accuracy: 0.9349 - iou_agriculture_rangeland: 0.8986 - iou_barren: 0.5080 - iou_forest: 0.8407 - iou_unknown: 0.0000e+00 - iou_urban: 0.8537 - iou_water: 0.9647 - loss: 0.9453 - miou: 0.6776 - val_accuracy: 0.9087 - val_iou_agriculture_rangeland: 0.8530 - val_iou_barren: 0.3734 - val_iou_forest: 0.8515 - val_iou_unknown: 0.0000e+00 - val_iou_urban: 0.8296 - val_iou_water: 0.9514 - val_loss: 1.2758 - val_miou: 0.6432 - learning_rate: 3.0000e-04
Epoch 20/80
80/80 - 13s - 163ms/step - accuracy: 0.9365 - iou_agriculture_rangeland: 0.9010 - iou_barren: 0.5747 - iou_forest: 0.8373 - iou_unknown: 0.0000e+00 - iou_urban: 0.8871 - iou_water: 0.9459 - loss: 0.9443 - miou: 0.6910 - val_accuracy: 0.8967 - val_iou_agriculture_rangeland: 0.8323 - val_iou_barren: 0.2733 - val_iou_forest: 0.8431 - val_iou_unknown: 0.0000e+00 - val_iou_urban: 0.8725 - val_iou_water: 0.9513 - val_loss: 1.3021 - val_miou: 0.6288 - learning_rate: 3.0000e-04
Epoch 21/80
80/80 - 14s - 174ms/step - accuracy: 0.9289 - iou_agriculture_rangeland: 0.8890 - iou_barren: 0.5428 - iou_forest: 0.8357 - iou_unknown: 0.0000e+00 - iou_urban: 0.8235 - iou_water: 0.9352 - loss: 0.9934 - miou: 0.6710 - val_accuracy: 0.9112 - val_iou_agriculture_rangeland: 0.8603 - val_iou_barren: 0.3905 - val_iou_forest: 0.8504 - val_iou_unknown: 0.0000e+00 - val_iou_urban: 0.8576 - val_iou_water: 0.9363 - val_loss: 1.2949 - val_miou: 0.6492 - learning_rate: 3.0000e-04
Epoch 22/80
80/80 - 13s - 163ms/step - accuracy: 0.9403 - iou_agriculture_rangeland: 0.9053 - iou_barren: 0.5921 - iou_forest: 0.8471 - iou_unknown: 0.0000e+00 - iou_urban: 0.8854 - iou_water: 0.9561 - loss: 0.9305 - miou: 0.6977 - val_accuracy: 0.9061 - val_iou_agriculture_rangeland: 0.8507 - val_iou_barren: 0.3233 - val_iou_forest: 0.8514 - val_iou_unknown: 0.0000e+00 - val_iou_urban: 0.8444 - val_iou_water: 0.9539 - val_loss: 1.2344 - val_miou: 0.6373 - learning_rate: 3.0000e-04
Epoch 23/80
80/80 - 13s - 162ms/step - accuracy: 0.9412 - iou_agriculture_rangeland: 0.9111 - iou_barren: 0.6188 - iou_forest: 0.8298 - iou_unknown: 0.0000e+00 - iou_urban: 0.8974 - iou_water: 0.9548 - loss: 0.9330 - miou: 0.7020 - val_accuracy: 0.8963 - val_iou_agriculture_rangeland: 0.8368 - val_iou_barren: 0.2617 - val_iou_forest: 0.8371 - val_iou_unknown: 0.0000e+00 - val_iou_urban: 0.8395 - val_iou_water: 0.9098 - val_loss: 1.2641 - val_miou: 0.6142 - learning_rate: 3.0000e-04
Epoch 24/80
80/80 - 13s - 163ms/step - accuracy: 0.9394 - iou_agriculture_rangeland: 0.9092 - iou_barren: 0.5507 - iou_forest: 0.8407 - iou_unknown: 0.0000e+00 - iou_urban: 0.8510 - iou_water: 0.9613 - loss: 0.9278 - miou: 0.6855 - val_accuracy: 0.8801 - val_iou_agriculture_rangeland: 0.8109 - val_iou_barren: 0.2432 - val_iou_forest: 0.8407 - val_iou_unknown: 0.0000e+00 - val_iou_urban: 0.7711 - val_iou_water: 0.9221 - val_loss: 1.3370 - val_miou: 0.5980 - learning_rate: 3.0000e-04
Epoch 25/80
80/80 - 13s - 162ms/step - accuracy: 0.9339 - iou_agriculture_rangeland: 0.9010 - iou_barren: 0.5227 - iou_forest: 0.8324 - iou_unknown: 0.0000e+00 - iou_urban: 0.7748 - iou_water: 0.9647 - loss: 0.9519 - miou: 0.6659 - val_accuracy: 0.8890 - val_iou_agriculture_rangeland: 0.8382 - val_iou_barren: 0.2556 - val_iou_forest: 0.8032 - val_iou_unknown: 0.0000e+00 - val_iou_urban: 0.8231 - val_iou_water: 0.9267 - val_loss: 1.3229 - val_miou: 0.6078 - learning_rate: 3.0000e-04
Epoch 26/80
80/80 - 13s - 163ms/step - accuracy: 0.9363 - iou_agriculture_rangeland: 0.9057 - iou_barren: 0.5493 - iou_forest: 0.8416 - iou_unknown: 0.0000e+00 - iou_urban: 0.7961 - iou_water: 0.9547 - loss: 0.9405 - miou: 0.6746 - val_accuracy: 0.8595 - val_iou_agriculture_rangeland: 0.7724 - val_iou_barren: 0.1656 - val_iou_forest: 0.8313 - val_iou_unknown: 0.0000e+00 - val_iou_urban: 0.8000 - val_iou_water: 0.9508 - val_loss: 1.3724 - val_miou: 0.5867 - learning_rate: 3.0000e-04
Epoch 27/80

Epoch 27: ReduceLROnPlateau reducing learning rate to 0.0001500000071246177.
80/80 - 13s - 162ms/step - accuracy: 0.9431 - iou_agriculture_rangeland: 0.9116 - iou_barren: 0.6014 - iou_forest: 0.8490 - iou_unknown: 0.0000e+00 - iou_urban: 0.8470 - iou_water: 0.9643 - loss: 0.9194 - miou: 0.6955 - val_accuracy: 0.9010 - val_iou_agriculture_rangeland: 0.8416 - val_iou_barren: 0.3206 - val_iou_forest: 0.8255 - val_iou_unknown: 0.0000e+00 - val_iou_urban: 0.8955 - val_iou_water: 0.9303 - val_loss: 1.2701 - val_miou: 0.6356 - learning_rate: 3.0000e-04
Epoch 28/80
80/80 - 14s - 174ms/step - accuracy: 0.9499 - iou_agriculture_rangeland: 0.9232 - iou_barren: 0.6400 - iou_forest: 0.8581 - iou_unknown: 0.0000e+00 - iou_urban: 0.8816 - iou_water: 0.9721 - loss: 0.8910 - miou: 0.7125 - val_accuracy: 0.9144 - val_iou_agriculture_rangeland: 0.8647 - val_iou_barren: 0.4004 - val_iou_forest: 0.8471 - val_iou_unknown: 0.0000e+00 - val_iou_urban: 0.8935 - val_iou_water: 0.9465 - val_loss: 1.2279 - val_miou: 0.6587 - learning_rate: 1.5000e-04
Epoch 29/80
80/80 - 13s - 163ms/step - accuracy: 0.9536 - iou_agriculture_rangeland: 0.9275 - iou_barren: 0.6435 - iou_forest: 0.8683 - iou_unknown: 0.0000e+00 - iou_urban: 0.9145 - iou_water: 0.9771 - loss: 0.8723 - miou: 0.7218 - val_accuracy: 0.9124 - val_iou_agriculture_rangeland: 0.8608 - val_iou_barren: 0.3993 - val_iou_forest: 0.8401 - val_iou_unknown: 0.0000e+00 - val_iou_urban: 0.8996 - val_iou_water: 0.9389 - val_loss: 1.2284 - val_miou: 0.6565 - learning_rate: 1.5000e-04
Epoch 30/80
80/80 - 13s - 163ms/step - accuracy: 0.9520 - iou_agriculture_rangeland: 0.9255 - iou_barren: 0.6729 - iou_forest: 0.8579 - iou_unknown: 0.0000e+00 - iou_urban: 0.9050 - iou_water: 0.9705 - loss: 0.8815 - miou: 0.7220 - val_accuracy: 0.8898 - val_iou_agriculture_rangeland: 0.8240 - val_iou_barren: 0.2697 - val_iou_forest: 0.8295 - val_iou_unknown: 0.0000e+00 - val_iou_urban: 0.8812 - val_iou_water: 0.9148 - val_loss: 1.3015 - val_miou: 0.6199 - learning_rate: 1.5000e-04
Epoch 31/80
80/80 - 13s - 163ms/step - accuracy: 0.9522 - iou_agriculture_rangeland: 0.9266 - iou_barren: 0.6807 - iou_forest: 0.8564 - iou_unknown: 0.0000e+00 - iou_urban: 0.9001 - iou_water: 0.9702 - loss: 0.8822 - miou: 0.7223 - val_accuracy: 0.9080 - val_iou_agriculture_rangeland: 0.8540 - val_iou_barren: 0.3339 - val_iou_forest: 0.8511 - val_iou_unknown: 0.0000e+00 - val_iou_urban: 0.8851 - val_iou_water: 0.9363 - val_loss: 1.2846 - val_miou: 0.6434 - learning_rate: 1.5000e-04
Epoch 32/80
80/80 - 13s - 162ms/step - accuracy: 0.9535 - iou_agriculture_rangeland: 0.9272 - iou_barren: 0.6373 - iou_forest: 0.8677 - iou_unknown: 0.0000e+00 - iou_urban: 0.9211 - iou_water: 0.9768 - loss: 0.8782 - miou: 0.7217 - val_accuracy: 0.8988 - val_iou_agriculture_rangeland: 0.8427 - val_iou_barren: 0.2667 - val_iou_forest: 0.8409 - val_iou_unknown: 0.0000e+00 - val_iou_urban: 0.8874 - val_iou_water: 0.9416 - val_loss: 1.3259 - val_miou: 0.6299 - learning_rate: 1.5000e-04
Epoch 33/80
80/80 - 13s - 162ms/step - accuracy: 0.9572 - iou_agriculture_rangeland: 0.9349 - iou_barren: 0.7010 - iou_forest: 0.8719 - iou_unknown: 0.0000e+00 - iou_urban: 0.8944 - iou_water: 0.9758 - loss: 0.8563 - miou: 0.7297 - val_accuracy: 0.9018 - val_iou_agriculture_rangeland: 0.8438 - val_iou_barren: 0.3134 - val_iou_forest: 0.8325 - val_iou_unknown: 0.0000e+00 - val_iou_urban: 0.8884 - val_iou_water: 0.9429 - val_loss: 1.2505 - val_miou: 0.6369 - learning_rate: 1.5000e-04
Epoch 34/80

Epoch 34: ReduceLROnPlateau reducing learning rate to 7.500000356230885e-05.
80/80 - 13s - 164ms/step - accuracy: 0.9550 - iou_agriculture_rangeland: 0.9299 - iou_barren: 0.6699 - iou_forest: 0.8674 - iou_unknown: 0.0000e+00 - iou_urban: 0.9309 - iou_water: 0.9750 - loss: 0.8621 - miou: 0.7289 - val_accuracy: 0.9066 - val_iou_agriculture_rangeland: 0.8495 - val_iou_barren: 0.2998 - val_iou_forest: 0.8614 - val_iou_unknown: 0.0000e+00 - val_iou_urban: 0.8934 - val_iou_water: 0.9276 - val_loss: 1.2773 - val_miou: 0.6386 - learning_rate: 1.5000e-04
Epoch 35/80
80/80 - 13s - 162ms/step - accuracy: 0.9531 - iou_agriculture_rangeland: 0.9276 - iou_barren: 0.6681 - iou_forest: 0.8649 - iou_unknown: 0.0000e+00 - iou_urban: 0.9273 - iou_water: 0.9667 - loss: 0.8752 - miou: 0.7258 - val_accuracy: 0.9054 - val_iou_agriculture_rangeland: 0.8494 - val_iou_barren: 0.3147 - val_iou_forest: 0.8556 - val_iou_unknown: 0.0000e+00 - val_iou_urban: 0.8937 - val_iou_water: 0.9253 - val_loss: 1.3151 - val_miou: 0.6398 - learning_rate: 7.5000e-05
Epoch 36/80
80/80 - 13s - 162ms/step - accuracy: 0.9544 - iou_agriculture_rangeland: 0.9289 - iou_barren: 0.6687 - iou_forest: 0.8687 - iou_unknown: 0.0000e+00 - iou_urban: 0.8920 - iou_water: 0.9769 - loss: 0.8724 - miou: 0.7225 - val_accuracy: 0.8931 - val_iou_agriculture_rangeland: 0.8304 - val_iou_barren: 0.3066 - val_iou_forest: 0.8547 - val_iou_unknown: 0.0000e+00 - val_iou_urban: 0.8904 - val_iou_water: 0.8803 - val_loss: 1.3074 - val_miou: 0.6271 - learning_rate: 7.5000e-05
Epoch 37/80
80/80 - 13s - 162ms/step - accuracy: 0.9565 - iou_agriculture_rangeland: 0.9322 - iou_barren: 0.6662 - iou_forest: 0.8767 - iou_unknown: 0.0000e+00 - iou_urban: 0.9276 - iou_water: 0.9748 - loss: 0.8706 - miou: 0.7296 - val_accuracy: 0.8960 - val_iou_agriculture_rangeland: 0.8340 - val_iou_barren: 0.2829 - val_iou_forest: 0.8555 - val_iou_unknown: 0.0000e+00 - val_iou_urban: 0.8954 - val_iou_water: 0.9003 - val_loss: 1.2881 - val_miou: 0.6280 - learning_rate: 7.5000e-05
Epoch 38/80
80/80 - 13s - 162ms/step - accuracy: 0.9588 - iou_agriculture_rangeland: 0.9365 - iou_barren: 0.7122 - iou_forest: 0.8757 - iou_unknown: 0.0000e+00 - iou_urban: 0.9317 - iou_water: 0.9728 - loss: 0.8511 - miou: 0.7381 - val_accuracy: 0.9027 - val_iou_agriculture_rangeland: 0.8452 - val_iou_barren: 0.3606 - val_iou_forest: 0.8570 - val_iou_unknown: 0.0000e+00 - val_iou_urban: 0.8904 - val_iou_water: 0.9035 - val_loss: 1.3022 - val_miou: 0.6428 - learning_rate: 7.5000e-05
Epoch 39/80
80/80 - 13s - 162ms/step - accuracy: 0.9616 - iou_agriculture_rangeland: 0.9405 - iou_barren: 0.7417 - iou_forest: 0.8765 - iou_unknown: 0.0000e+00 - iou_urban: 0.9268 - iou_water: 0.9797 - loss: 0.8423 - miou: 0.7442 - val_accuracy: 0.9067 - val_iou_agriculture_rangeland: 0.8513 - val_iou_barren: 0.3403 - val_iou_forest: 0.8499 - val_iou_unknown: 0.0000e+00 - val_iou_urban: 0.8871 - val_iou_water: 0.9343 - val_loss: 1.2712 - val_miou: 0.6438 - learning_rate: 7.5000e-05
Epoch 40/80

Epoch 40: ReduceLROnPlateau reducing learning rate to 3.7500001781154424e-05.
80/80 - 13s - 162ms/step - accuracy: 0.9620 - iou_agriculture_rangeland: 0.9414 - iou_barren: 0.7236 - iou_forest: 0.8813 - iou_unknown: 0.0000e+00 - iou_urban: 0.9336 - iou_water: 0.9815 - loss: 0.8391 - miou: 0.7436 - val_accuracy: 0.9049 - val_iou_agriculture_rangeland: 0.8490 - val_iou_barren: 0.3334 - val_iou_forest: 0.8502 - val_iou_unknown: 0.0000e+00 - val_iou_urban: 0.8915 - val_iou_water: 0.9315 - val_loss: 1.2667 - val_miou: 0.6426 - learning_rate: 7.5000e-05
Epoch 41/80
80/80 - 13s - 162ms/step - accuracy: 0.9628 - iou_agriculture_rangeland: 0.9424 - iou_barren: 0.7451 - iou_forest: 0.8783 - iou_unknown: 0.0000e+00 - iou_urban: 0.9385 - iou_water: 0.9812 - loss: 0.8343 - miou: 0.7476 - val_accuracy: 0.9056 - val_iou_agriculture_rangeland: 0.8505 - val_iou_barren: 0.3393 - val_iou_forest: 0.8521 - val_iou_unknown: 0.0000e+00 - val_iou_urban: 0.8938 - val_iou_water: 0.9274 - val_loss: 1.2721 - val_miou: 0.6438 - learning_rate: 3.7500e-05
Epoch 42/80
80/80 - 13s - 163ms/step - accuracy: 0.9605 - iou_agriculture_rangeland: 0.9391 - iou_barren: 0.7176 - iou_forest: 0.8752 - iou_unknown: 0.0000e+00 - iou_urban: 0.9276 - iou_water: 0.9806 - loss: 0.8446 - miou: 0.7400 - val_accuracy: 0.9058 - val_iou_agriculture_rangeland: 0.8509 - val_iou_barren: 0.3350 - val_iou_forest: 0.8544 - val_iou_unknown: 0.0000e+00 - val_iou_urban: 0.8935 - val_iou_water: 0.9258 - val_loss: 1.2786 - val_miou: 0.6433 - learning_rate: 3.7500e-05
Epoch 43/80
80/80 - 13s - 164ms/step - accuracy: 0.9615 - iou_agriculture_rangeland: 0.9405 - iou_barren: 0.7355 - iou_forest: 0.8754 - iou_unknown: 0.0000e+00 - iou_urban: 0.9344 - iou_water: 0.9808 - loss: 0.8370 - miou: 0.7445 - val_accuracy: 0.9024 - val_iou_agriculture_rangeland: 0.8461 - val_iou_barren: 0.3334 - val_iou_forest: 0.8508 - val_iou_unknown: 0.0000e+00 - val_iou_urban: 0.8923 - val_iou_water: 0.9123 - val_loss: 1.2913 - val_miou: 0.6391 - learning_rate: 3.7500e-05
Epoch 43: early stopping
Restoring model weights from the end of the best epoch: 28.

-- unk05: 286/320 sub-tiles, 4,492 Unknown px excluded
   px acc 0.9422   mIoU 0.8075
     Urban                  0.8935
     Agriculture_Rangeland  0.9011
     Forest                 0.8515
     Water                  0.9486
     Barren                 0.4426
     Unknown                absent

-- unk25: 305/320 sub-tiles, 144,229 Unknown px excluded
   px acc 0.9439   mIoU 0.8103
     Urban                  0.8935
     Agriculture_Rangeland  0.9077
     Forest                 0.8533
     Water                  0.9475
     Barren                 0.4492
     Unknown                absent

wrote /home/jvpcms/ime/PFC/results/finetune_experiments/finetune-lr0.0003-tr40/metrics.json
