== scratch-lr0.0003
train 80 tiles -> 1280 sub-tiles | test 20 tiles -> 320 sub-tiles
Epoch 1/80
WARNING: All log messages before absl::InitializeLog() is called are written to STDERR
E0000 00:00:1790129805.935405  883513 cuda_timer.cc:87] Delay kernel timed out: measured time has sub-optimal accuracy. There may be a missing warmup execution, please investigate in Nsight Systems.
E0000 00:00:1790129831.013380  883513 cuda_timer.cc:87] Delay kernel timed out: measured time has sub-optimal accuracy. There may be a missing warmup execution, please investigate in Nsight Systems.
160/160 - 192s - 1s/step - accuracy: 0.6729 - iou_agriculture_rangeland: 0.6083 - iou_barren: 0.0108 - iou_forest: 0.5552 - iou_unknown: 0.0038 - iou_urban: 0.1773 - iou_water: 0.5310 - loss: 1.9975 - miou: 0.3144 - val_accuracy: 0.7818 - val_iou_agriculture_rangeland: 0.6782 - val_iou_barren: 0.0127 - val_iou_forest: 0.7761 - val_iou_unknown: 2.6401e-05 - val_iou_urban: 0.3407 - val_iou_water: 0.8381 - val_loss: 1.6135 - val_miou: 0.4410 - learning_rate: 3.0000e-04
Epoch 2/80
160/160 - 25s - 158ms/step - accuracy: 0.7865 - iou_agriculture_rangeland: 0.7262 - iou_barren: 0.1493 - iou_forest: 0.6536 - iou_unknown: 2.9521e-05 - iou_urban: 0.2802 - iou_water: 0.6655 - loss: 1.6309 - miou: 0.4125 - val_accuracy: 0.8840 - val_iou_agriculture_rangeland: 0.8265 - val_iou_barren: 0.3333 - val_iou_forest: 0.8031 - val_iou_unknown: 0.0000e+00 - val_iou_urban: 0.7417 - val_iou_water: 0.8839 - val_loss: 1.4009 - val_miou: 0.5981 - learning_rate: 3.0000e-04
Epoch 3/80
160/160 - 25s - 158ms/step - accuracy: 0.8195 - iou_agriculture_rangeland: 0.7649 - iou_barren: 0.1855 - iou_forest: 0.6775 - iou_unknown: 0.0000e+00 - iou_urban: 0.3832 - iou_water: 0.7306 - loss: 1.4695 - miou: 0.4570 - val_accuracy: 0.8956 - val_iou_agriculture_rangeland: 0.8377 - val_iou_barren: 0.3615 - val_iou_forest: 0.8268 - val_iou_unknown: 0.0000e+00 - val_iou_urban: 0.7916 - val_iou_water: 0.9051 - val_loss: 1.2526 - val_miou: 0.6205 - learning_rate: 3.0000e-04
Epoch 4/80
160/160 - 24s - 152ms/step - accuracy: 0.8375 - iou_agriculture_rangeland: 0.7815 - iou_barren: 0.1872 - iou_forest: 0.6955 - iou_unknown: 0.0000e+00 - iou_urban: 0.4613 - iou_water: 0.7724 - loss: 1.3775 - miou: 0.4830 - val_accuracy: 0.8906 - val_iou_agriculture_rangeland: 0.8227 - val_iou_barren: 0.3578 - val_iou_forest: 0.8370 - val_iou_unknown: 0.0000e+00 - val_iou_urban: 0.8182 - val_iou_water: 0.8775 - val_loss: 1.2185 - val_miou: 0.6189 - learning_rate: 3.0000e-04
Epoch 5/80
160/160 - 24s - 153ms/step - accuracy: 0.8558 - iou_agriculture_rangeland: 0.8020 - iou_barren: 0.2065 - iou_forest: 0.7194 - iou_unknown: 0.0000e+00 - iou_urban: 0.5741 - iou_water: 0.7998 - loss: 1.2992 - miou: 0.5170 - val_accuracy: 0.8905 - val_iou_agriculture_rangeland: 0.8299 - val_iou_barren: 0.2890 - val_iou_forest: 0.8108 - val_iou_unknown: 0.0000e+00 - val_iou_urban: 0.8133 - val_iou_water: 0.9116 - val_loss: 1.1996 - val_miou: 0.6091 - learning_rate: 3.0000e-04
Epoch 6/80
160/160 - 25s - 158ms/step - accuracy: 0.8676 - iou_agriculture_rangeland: 0.8135 - iou_barren: 0.2490 - iou_forest: 0.7247 - iou_unknown: 0.0000e+00 - iou_urban: 0.6791 - iou_water: 0.8289 - loss: 1.2430 - miou: 0.5492 - val_accuracy: 0.9072 - val_iou_agriculture_rangeland: 0.8498 - val_iou_barren: 0.3272 - val_iou_forest: 0.8450 - val_iou_unknown: 0.0000e+00 - val_iou_urban: 0.8579 - val_iou_water: 0.9194 - val_loss: 1.1523 - val_miou: 0.6332 - learning_rate: 3.0000e-04
Epoch 7/80
160/160 - 25s - 158ms/step - accuracy: 0.8738 - iou_agriculture_rangeland: 0.8225 - iou_barren: 0.2701 - iou_forest: 0.7258 - iou_unknown: 0.0000e+00 - iou_urban: 0.6488 - iou_water: 0.8486 - loss: 1.2090 - miou: 0.5526 - val_accuracy: 0.9065 - val_iou_agriculture_rangeland: 0.8512 - val_iou_barren: 0.3726 - val_iou_forest: 0.8340 - val_iou_unknown: 0.0000e+00 - val_iou_urban: 0.8833 - val_iou_water: 0.9247 - val_loss: 1.1307 - val_miou: 0.6443 - learning_rate: 3.0000e-04
Epoch 8/80
160/160 - 25s - 153ms/step - accuracy: 0.8711 - iou_agriculture_rangeland: 0.8172 - iou_barren: 0.3201 - iou_forest: 0.7310 - iou_unknown: 8.4563e-06 - iou_urban: 0.6316 - iou_water: 0.8370 - loss: 1.1992 - miou: 0.5562 - val_accuracy: 0.8830 - val_iou_agriculture_rangeland: 0.8133 - val_iou_barren: 0.2980 - val_iou_forest: 0.8354 - val_iou_unknown: 0.0000e+00 - val_iou_urban: 0.8173 - val_iou_water: 0.8440 - val_loss: 1.1764 - val_miou: 0.6013 - learning_rate: 3.0000e-04
Epoch 9/80
160/160 - 25s - 153ms/step - accuracy: 0.8892 - iou_agriculture_rangeland: 0.8354 - iou_barren: 0.3262 - iou_forest: 0.7670 - iou_unknown: 7.1871e-05 - iou_urban: 0.7493 - iou_water: 0.8737 - loss: 1.1342 - miou: 0.5920 - val_accuracy: 0.9113 - val_iou_agriculture_rangeland: 0.8636 - val_iou_barren: 0.3836 - val_iou_forest: 0.8309 - val_iou_unknown: 0.0000e+00 - val_iou_urban: 0.8209 - val_iou_water: 0.9560 - val_loss: 1.1434 - val_miou: 0.6425 - learning_rate: 3.0000e-04
Epoch 10/80
160/160 - 25s - 153ms/step - accuracy: 0.9002 - iou_agriculture_rangeland: 0.8517 - iou_barren: 0.3296 - iou_forest: 0.7660 - iou_unknown: 4.2289e-06 - iou_urban: 0.7575 - iou_water: 0.9230 - loss: 1.1028 - miou: 0.6046 - val_accuracy: 0.8935 - val_iou_agriculture_rangeland: 0.8299 - val_iou_barren: 0.3729 - val_iou_forest: 0.8458 - val_iou_unknown: 0.0000e+00 - val_iou_urban: 0.8662 - val_iou_water: 0.8636 - val_loss: 1.1570 - val_miou: 0.6297 - learning_rate: 3.0000e-04
Epoch 11/80
160/160 - 25s - 153ms/step - accuracy: 0.8975 - iou_agriculture_rangeland: 0.8504 - iou_barren: 0.3285 - iou_forest: 0.7659 - iou_unknown: 2.1135e-05 - iou_urban: 0.7585 - iou_water: 0.9041 - loss: 1.0975 - miou: 0.6012 - val_accuracy: 0.9121 - val_iou_agriculture_rangeland: 0.8600 - val_iou_barren: 0.3171 - val_iou_forest: 0.8410 - val_iou_unknown: 0.0000e+00 - val_iou_urban: 0.8793 - val_iou_water: 0.9383 - val_loss: 1.1357 - val_miou: 0.6393 - learning_rate: 3.0000e-04
Epoch 12/80
160/160 - 25s - 153ms/step - accuracy: 0.9035 - iou_agriculture_rangeland: 0.8577 - iou_barren: 0.3646 - iou_forest: 0.7820 - iou_unknown: 0.0000e+00 - iou_urban: 0.7513 - iou_water: 0.9191 - loss: 1.0684 - miou: 0.6125 - val_accuracy: 0.9073 - val_iou_agriculture_rangeland: 0.8582 - val_iou_barren: 0.3759 - val_iou_forest: 0.8382 - val_iou_unknown: 0.0000e+00 - val_iou_urban: 0.8094 - val_iou_water: 0.9511 - val_loss: 1.1561 - val_miou: 0.6388 - learning_rate: 3.0000e-04
Epoch 13/80

Epoch 13: ReduceLROnPlateau reducing learning rate to 0.0001500000071246177.
160/160 - 24s - 153ms/step - accuracy: 0.9072 - iou_agriculture_rangeland: 0.8606 - iou_barren: 0.3795 - iou_forest: 0.7762 - iou_unknown: 0.0000e+00 - iou_urban: 0.8064 - iou_water: 0.9233 - loss: 1.0554 - miou: 0.6243 - val_accuracy: 0.9045 - val_iou_agriculture_rangeland: 0.8511 - val_iou_barren: 0.2994 - val_iou_forest: 0.8373 - val_iou_unknown: 0.0000e+00 - val_iou_urban: 0.7548 - val_iou_water: 0.9499 - val_loss: 1.1720 - val_miou: 0.6154 - learning_rate: 3.0000e-04
Epoch 14/80
160/160 - 24s - 153ms/step - accuracy: 0.9172 - iou_agriculture_rangeland: 0.8780 - iou_barren: 0.4216 - iou_forest: 0.7938 - iou_unknown: 2.9596e-05 - iou_urban: 0.8206 - iou_water: 0.9380 - loss: 1.0246 - miou: 0.6420 - val_accuracy: 0.9025 - val_iou_agriculture_rangeland: 0.8449 - val_iou_barren: 0.3297 - val_iou_forest: 0.8497 - val_iou_unknown: 0.0000e+00 - val_iou_urban: 0.8335 - val_iou_water: 0.9329 - val_loss: 1.1447 - val_miou: 0.6318 - learning_rate: 1.5000e-04
Epoch 15/80
160/160 - 24s - 153ms/step - accuracy: 0.9164 - iou_agriculture_rangeland: 0.8768 - iou_barren: 0.4509 - iou_forest: 0.7854 - iou_unknown: 1.2683e-05 - iou_urban: 0.8256 - iou_water: 0.9316 - loss: 1.0213 - miou: 0.6451 - val_accuracy: 0.8986 - val_iou_agriculture_rangeland: 0.8407 - val_iou_barren: 0.3291 - val_iou_forest: 0.8445 - val_iou_unknown: 0.0000e+00 - val_iou_urban: 0.8259 - val_iou_water: 0.9084 - val_loss: 1.1543 - val_miou: 0.6248 - learning_rate: 1.5000e-04
Epoch 16/80
160/160 - 25s - 153ms/step - accuracy: 0.9235 - iou_agriculture_rangeland: 0.8853 - iou_barren: 0.4205 - iou_forest: 0.8098 - iou_unknown: 4.2273e-05 - iou_urban: 0.8175 - iou_water: 0.9581 - loss: 0.9974 - miou: 0.6485 - val_accuracy: 0.9075 - val_iou_agriculture_rangeland: 0.8561 - val_iou_barren: 0.3423 - val_iou_forest: 0.8441 - val_iou_unknown: 0.0000e+00 - val_iou_urban: 0.8148 - val_iou_water: 0.9589 - val_loss: 1.1455 - val_miou: 0.6361 - learning_rate: 1.5000e-04
Epoch 17/80
160/160 - 24s - 153ms/step - accuracy: 0.9256 - iou_agriculture_rangeland: 0.8916 - iou_barren: 0.4757 - iou_forest: 0.7991 - iou_unknown: 9.7223e-05 - iou_urban: 0.8513 - iou_water: 0.9456 - loss: 0.9847 - miou: 0.6606 - val_accuracy: 0.9039 - val_iou_agriculture_rangeland: 0.8559 - val_iou_barren: 0.3338 - val_iou_forest: 0.8470 - val_iou_unknown: 0.0000e+00 - val_iou_urban: 0.8132 - val_iou_water: 0.9246 - val_loss: 1.1492 - val_miou: 0.6291 - learning_rate: 1.5000e-04
Epoch 18/80
160/160 - 24s - 153ms/step - accuracy: 0.9261 - iou_agriculture_rangeland: 0.8878 - iou_barren: 0.4702 - iou_forest: 0.8057 - iou_unknown: 0.0010 - iou_urban: 0.8502 - iou_water: 0.9600 - loss: 0.9826 - miou: 0.6625 - val_accuracy: 0.8925 - val_iou_agriculture_rangeland: 0.8284 - val_iou_barren: 0.2519 - val_iou_forest: 0.8554 - val_iou_unknown: 0.0000e+00 - val_iou_urban: 0.8279 - val_iou_water: 0.9542 - val_loss: 1.1534 - val_miou: 0.6196 - learning_rate: 1.5000e-04
Epoch 19/80

Epoch 19: ReduceLROnPlateau reducing learning rate to 7.500000356230885e-05.
160/160 - 25s - 153ms/step - accuracy: 0.9287 - iou_agriculture_rangeland: 0.8937 - iou_barren: 0.4815 - iou_forest: 0.8186 - iou_unknown: 1.0993e-04 - iou_urban: 0.8784 - iou_water: 0.9457 - loss: 0.9704 - miou: 0.6697 - val_accuracy: 0.9074 - val_iou_agriculture_rangeland: 0.8523 - val_iou_barren: 0.2595 - val_iou_forest: 0.8591 - val_iou_unknown: 0.0000e+00 - val_iou_urban: 0.8508 - val_iou_water: 0.9577 - val_loss: 1.1425 - val_miou: 0.6299 - learning_rate: 1.5000e-04
Epoch 20/80
160/160 - 25s - 153ms/step - accuracy: 0.9352 - iou_agriculture_rangeland: 0.9025 - iou_barren: 0.5455 - iou_forest: 0.8163 - iou_unknown: 3.6653e-04 - iou_urban: 0.8772 - iou_water: 0.9621 - loss: 0.9481 - miou: 0.6840 - val_accuracy: 0.9061 - val_iou_agriculture_rangeland: 0.8536 - val_iou_barren: 0.2874 - val_iou_forest: 0.8557 - val_iou_unknown: 0.0000e+00 - val_iou_urban: 0.8288 - val_iou_water: 0.9597 - val_loss: 1.1425 - val_miou: 0.6309 - learning_rate: 7.5000e-05
Epoch 21/80
160/160 - 25s - 153ms/step - accuracy: 0.9367 - iou_agriculture_rangeland: 0.9055 - iou_barren: 0.5605 - iou_forest: 0.8219 - iou_unknown: 0.0015 - iou_urban: 0.8639 - iou_water: 0.9605 - loss: 0.9500 - miou: 0.6856 - val_accuracy: 0.9008 - val_iou_agriculture_rangeland: 0.8455 - val_iou_barren: 0.3044 - val_iou_forest: 0.8542 - val_iou_unknown: 0.0000e+00 - val_iou_urban: 0.7402 - val_iou_water: 0.9535 - val_loss: 1.1705 - val_miou: 0.6163 - learning_rate: 7.5000e-05
Epoch 22/80
160/160 - 25s - 153ms/step - accuracy: 0.9370 - iou_agriculture_rangeland: 0.9052 - iou_barren: 0.5373 - iou_forest: 0.8259 - iou_unknown: 9.2394e-04 - iou_urban: 0.8851 - iou_water: 0.9618 - loss: 0.9436 - miou: 0.6860 - val_accuracy: 0.8989 - val_iou_agriculture_rangeland: 0.8424 - val_iou_barren: 0.2844 - val_iou_forest: 0.8496 - val_iou_unknown: 0.0000e+00 - val_iou_urban: 0.7936 - val_iou_water: 0.9540 - val_loss: 1.1601 - val_miou: 0.6207 - learning_rate: 7.5000e-05
Epoch 22: early stopping
Restoring model weights from the end of the best epoch: 7.

-- unk05: 286/320 sub-tiles, 4,492 Unknown px excluded
   px acc 0.9340   mIoU 0.7865
     Urban                  0.8832
     Agriculture_Rangeland  0.8861
     Forest                 0.8370
     Water                  0.9349
     Barren                 0.3912
     Unknown                absent

-- unk25: 305/320 sub-tiles, 144,229 Unknown px excluded
   px acc 0.9357   mIoU 0.7879
     Urban                  0.8832
     Agriculture_Rangeland  0.8925
     Forest                 0.8411
     Water                  0.9349
     Barren                 0.3881
     Unknown                absent

wrote /home/jvpcms/ime/PFC/results/finetune_experiments/scratch-lr0.0003/metrics.json
