== scratch-lr3e-05
train 80 tiles -> 1280 sub-tiles | test 20 tiles -> 320 sub-tiles
Epoch 1/80
WARNING: All log messages before absl::InitializeLog() is called are written to STDERR
E0000 00:00:1790133866.590144  935634 cuda_timer.cc:87] Delay kernel timed out: measured time has sub-optimal accuracy. There may be a missing warmup execution, please investigate in Nsight Systems.
E0000 00:00:1790133891.639215  935634 cuda_timer.cc:87] Delay kernel timed out: measured time has sub-optimal accuracy. There may be a missing warmup execution, please investigate in Nsight Systems.
160/160 - 192s - 1s/step - accuracy: 0.3577 - iou_agriculture_rangeland: 0.3457 - iou_barren: 0.0167 - iou_forest: 0.2833 - iou_unknown: 0.0034 - iou_urban: 0.0665 - iou_water: 0.1913 - loss: 2.5149 - miou: 0.1511 - val_accuracy: 0.4288 - val_iou_agriculture_rangeland: 0.2910 - val_iou_barren: 0.0332 - val_iou_forest: 0.3542 - val_iou_unknown: 0.0417 - val_iou_urban: 0.3747 - val_iou_water: 0.2668 - val_loss: 2.4097 - val_miou: 0.2269 - learning_rate: 3.0000e-05
Epoch 2/80
160/160 - 25s - 158ms/step - accuracy: 0.6554 - iou_agriculture_rangeland: 0.6197 - iou_barren: 0.0154 - iou_forest: 0.5043 - iou_unknown: 0.0048 - iou_urban: 0.1767 - iou_water: 0.5363 - loss: 2.1072 - miou: 0.3095 - val_accuracy: 0.7735 - val_iou_agriculture_rangeland: 0.6708 - val_iou_barren: 0.0277 - val_iou_forest: 0.6807 - val_iou_unknown: 0.0418 - val_iou_urban: 0.5561 - val_iou_water: 0.7551 - val_loss: 1.8900 - val_miou: 0.4554 - learning_rate: 3.0000e-05
Epoch 3/80
160/160 - 25s - 158ms/step - accuracy: 0.7409 - iou_agriculture_rangeland: 0.6943 - iou_barren: 0.0117 - iou_forest: 0.5929 - iou_unknown: 0.0046 - iou_urban: 0.2468 - iou_water: 0.6280 - loss: 1.9525 - miou: 0.3630 - val_accuracy: 0.8241 - val_iou_agriculture_rangeland: 0.7429 - val_iou_barren: 0.0123 - val_iou_forest: 0.7789 - val_iou_unknown: 0.0174 - val_iou_urban: 0.5466 - val_iou_water: 0.7808 - val_loss: 1.7003 - val_miou: 0.4798 - learning_rate: 3.0000e-05
Epoch 4/80
160/160 - 25s - 158ms/step - accuracy: 0.7742 - iou_agriculture_rangeland: 0.7252 - iou_barren: 0.0071 - iou_forest: 0.6415 - iou_unknown: 0.0048 - iou_urban: 0.2526 - iou_water: 0.6850 - loss: 1.8621 - miou: 0.3860 - val_accuracy: 0.8586 - val_iou_agriculture_rangeland: 0.7939 - val_iou_barren: 0.0037 - val_iou_forest: 0.8077 - val_iou_unknown: 0.0022 - val_iou_urban: 0.6157 - val_iou_water: 0.8354 - val_loss: 1.5790 - val_miou: 0.5098 - learning_rate: 3.0000e-05
Epoch 5/80
160/160 - 24s - 153ms/step - accuracy: 0.7944 - iou_agriculture_rangeland: 0.7527 - iou_barren: 0.0042 - iou_forest: 0.6651 - iou_unknown: 0.0030 - iou_urban: 0.2773 - iou_water: 0.7075 - loss: 1.7873 - miou: 0.4016 - val_accuracy: 0.8584 - val_iou_agriculture_rangeland: 0.7974 - val_iou_barren: 9.5381e-04 - val_iou_forest: 0.7975 - val_iou_unknown: 4.8103e-04 - val_iou_urban: 0.5468 - val_iou_water: 0.8766 - val_loss: 1.5738 - val_miou: 0.5033 - learning_rate: 3.0000e-05
Epoch 6/80
160/160 - 25s - 159ms/step - accuracy: 0.8054 - iou_agriculture_rangeland: 0.7651 - iou_barren: 0.0035 - iou_forest: 0.6597 - iou_unknown: 0.0013 - iou_urban: 0.3054 - iou_water: 0.7375 - loss: 1.7391 - miou: 0.4121 - val_accuracy: 0.8806 - val_iou_agriculture_rangeland: 0.8320 - val_iou_barren: 8.0296e-04 - val_iou_forest: 0.8163 - val_iou_unknown: 1.4630e-04 - val_iou_urban: 0.6462 - val_iou_water: 0.8885 - val_loss: 1.4887 - val_miou: 0.5307 - learning_rate: 3.0000e-05
Epoch 7/80
160/160 - 24s - 153ms/step - accuracy: 0.8116 - iou_agriculture_rangeland: 0.7762 - iou_barren: 0.0022 - iou_forest: 0.6684 - iou_unknown: 5.0659e-04 - iou_urban: 0.3119 - iou_water: 0.7355 - loss: 1.6928 - miou: 0.4158 - val_accuracy: 0.8791 - val_iou_agriculture_rangeland: 0.8276 - val_iou_barren: 0.0013 - val_iou_forest: 0.8249 - val_iou_unknown: 5.1338e-05 - val_iou_urban: 0.6291 - val_iou_water: 0.8932 - val_loss: 1.4479 - val_miou: 0.5294 - learning_rate: 3.0000e-05
Epoch 8/80
160/160 - 25s - 158ms/step - accuracy: 0.8169 - iou_agriculture_rangeland: 0.7847 - iou_barren: 0.0039 - iou_forest: 0.6765 - iou_unknown: 3.8011e-04 - iou_urban: 0.3039 - iou_water: 0.7437 - loss: 1.6638 - miou: 0.4189 - val_accuracy: 0.8825 - val_iou_agriculture_rangeland: 0.8343 - val_iou_barren: 0.0034 - val_iou_forest: 0.8272 - val_iou_unknown: 7.6316e-05 - val_iou_urban: 0.6210 - val_iou_water: 0.9092 - val_loss: 1.4381 - val_miou: 0.5325 - learning_rate: 3.0000e-05
Epoch 9/80
160/160 - 24s - 152ms/step - accuracy: 0.8284 - iou_agriculture_rangeland: 0.7936 - iou_barren: 0.0082 - iou_forest: 0.7076 - iou_unknown: 1.5028e-04 - iou_urban: 0.3445 - iou_water: 0.7589 - loss: 1.6089 - miou: 0.4355 - val_accuracy: 0.8744 - val_iou_agriculture_rangeland: 0.8203 - val_iou_barren: 0.0062 - val_iou_forest: 0.8307 - val_iou_unknown: 2.9358e-06 - val_iou_urban: 0.6105 - val_iou_water: 0.8820 - val_loss: 1.4311 - val_miou: 0.5250 - learning_rate: 3.0000e-05
Epoch 10/80
160/160 - 25s - 158ms/step - accuracy: 0.8337 - iou_agriculture_rangeland: 0.7979 - iou_barren: 0.0140 - iou_forest: 0.7103 - iou_unknown: 8.6040e-05 - iou_urban: 0.3575 - iou_water: 0.7800 - loss: 1.5828 - miou: 0.4433 - val_accuracy: 0.8869 - val_iou_agriculture_rangeland: 0.8421 - val_iou_barren: 0.0126 - val_iou_forest: 0.8323 - val_iou_unknown: 1.6148e-05 - val_iou_urban: 0.6357 - val_iou_water: 0.9133 - val_loss: 1.3831 - val_miou: 0.5394 - learning_rate: 3.0000e-05
Epoch 11/80
160/160 - 25s - 159ms/step - accuracy: 0.8324 - iou_agriculture_rangeland: 0.7985 - iou_barren: 0.0501 - iou_forest: 0.7031 - iou_unknown: 3.3387e-04 - iou_urban: 0.3608 - iou_water: 0.7640 - loss: 1.5753 - miou: 0.4461 - val_accuracy: 0.8886 - val_iou_agriculture_rangeland: 0.8403 - val_iou_barren: 0.0300 - val_iou_forest: 0.8345 - val_iou_unknown: 0.0000e+00 - val_iou_urban: 0.6775 - val_iou_water: 0.9037 - val_loss: 1.3800 - val_miou: 0.5477 - learning_rate: 3.0000e-05
Epoch 12/80
160/160 - 25s - 158ms/step - accuracy: 0.8495 - iou_agriculture_rangeland: 0.8168 - iou_barren: 0.1010 - iou_forest: 0.7226 - iou_unknown: 1.0256e-04 - iou_urban: 0.3971 - iou_water: 0.8041 - loss: 1.5178 - miou: 0.4736 - val_accuracy: 0.8915 - val_iou_agriculture_rangeland: 0.8374 - val_iou_barren: 0.2070 - val_iou_forest: 0.8377 - val_iou_unknown: 8.8077e-06 - val_iou_urban: 0.7237 - val_iou_water: 0.9010 - val_loss: 1.3496 - val_miou: 0.5845 - learning_rate: 3.0000e-05
Epoch 13/80
160/160 - 25s - 158ms/step - accuracy: 0.8498 - iou_agriculture_rangeland: 0.8081 - iou_barren: 0.1861 - iou_forest: 0.7161 - iou_unknown: 0.0015 - iou_urban: 0.4683 - iou_water: 0.7887 - loss: 1.5217 - miou: 0.4948 - val_accuracy: 0.8986 - val_iou_agriculture_rangeland: 0.8439 - val_iou_barren: 0.2544 - val_iou_forest: 0.8355 - val_iou_unknown: 1.7613e-05 - val_iou_urban: 0.8131 - val_iou_water: 0.9163 - val_loss: 1.3338 - val_miou: 0.6106 - learning_rate: 3.0000e-05
Epoch 14/80
160/160 - 24s - 153ms/step - accuracy: 0.8661 - iou_agriculture_rangeland: 0.8284 - iou_barren: 0.2810 - iou_forest: 0.7304 - iou_unknown: 1.2933e-04 - iou_urban: 0.5032 - iou_water: 0.8188 - loss: 1.4730 - miou: 0.5270 - val_accuracy: 0.8867 - val_iou_agriculture_rangeland: 0.8242 - val_iou_barren: 0.2584 - val_iou_forest: 0.8304 - val_iou_unknown: 2.0251e-04 - val_iou_urban: 0.8296 - val_iou_water: 0.8874 - val_loss: 1.3385 - val_miou: 0.6050 - learning_rate: 3.0000e-05
Epoch 15/80
160/160 - 24s - 153ms/step - accuracy: 0.8671 - iou_agriculture_rangeland: 0.8269 - iou_barren: 0.3051 - iou_forest: 0.7264 - iou_unknown: 3.1819e-04 - iou_urban: 0.5793 - iou_water: 0.8080 - loss: 1.4631 - miou: 0.5410 - val_accuracy: 0.8840 - val_iou_agriculture_rangeland: 0.8222 - val_iou_barren: 0.2344 - val_iou_forest: 0.8386 - val_iou_unknown: 4.1075e-05 - val_iou_urban: 0.8220 - val_iou_water: 0.8932 - val_loss: 1.3364 - val_miou: 0.6017 - learning_rate: 3.0000e-05
Epoch 16/80
160/160 - 24s - 153ms/step - accuracy: 0.8758 - iou_agriculture_rangeland: 0.8315 - iou_barren: 0.3362 - iou_forest: 0.7472 - iou_unknown: 2.4101e-04 - iou_urban: 0.5806 - iou_water: 0.8359 - loss: 1.4336 - miou: 0.5553 - val_accuracy: 0.8904 - val_iou_agriculture_rangeland: 0.8305 - val_iou_barren: 0.2590 - val_iou_forest: 0.8425 - val_iou_unknown: 3.3751e-05 - val_iou_urban: 0.8138 - val_iou_water: 0.9009 - val_loss: 1.2987 - val_miou: 0.6078 - learning_rate: 3.0000e-05
Epoch 17/80
160/160 - 24s - 153ms/step - accuracy: 0.8847 - iou_agriculture_rangeland: 0.8446 - iou_barren: 0.3727 - iou_forest: 0.7427 - iou_unknown: 1.8179e-04 - iou_urban: 0.6817 - iou_water: 0.8429 - loss: 1.3928 - miou: 0.5808 - val_accuracy: 0.8850 - val_iou_agriculture_rangeland: 0.8208 - val_iou_barren: 0.2483 - val_iou_forest: 0.8354 - val_iou_unknown: 1.5680e-04 - val_iou_urban: 0.8426 - val_iou_water: 0.8991 - val_loss: 1.3133 - val_miou: 0.6077 - learning_rate: 3.0000e-05
Epoch 18/80
160/160 - 24s - 152ms/step - accuracy: 0.8793 - iou_agriculture_rangeland: 0.8334 - iou_barren: 0.3845 - iou_forest: 0.7343 - iou_unknown: 4.3031e-04 - iou_urban: 0.6747 - iou_water: 0.8371 - loss: 1.4046 - miou: 0.5774 - val_accuracy: 0.8812 - val_iou_agriculture_rangeland: 0.8148 - val_iou_barren: 0.2407 - val_iou_forest: 0.8276 - val_iou_unknown: 4.9683e-04 - val_iou_urban: 0.8484 - val_iou_water: 0.8942 - val_loss: 1.2961 - val_miou: 0.6044 - learning_rate: 3.0000e-05
Epoch 19/80
160/160 - 25s - 158ms/step - accuracy: 0.8963 - iou_agriculture_rangeland: 0.8560 - iou_barren: 0.3871 - iou_forest: 0.7674 - iou_unknown: 0.0010 - iou_urban: 0.7122 - iou_water: 0.8765 - loss: 1.3489 - miou: 0.6000 - val_accuracy: 0.9007 - val_iou_agriculture_rangeland: 0.8455 - val_iou_barren: 0.2590 - val_iou_forest: 0.8476 - val_iou_unknown: 4.7666e-04 - val_iou_urban: 0.8751 - val_iou_water: 0.9260 - val_loss: 1.2576 - val_miou: 0.6256 - learning_rate: 3.0000e-05
Epoch 20/80
160/160 - 25s - 158ms/step - accuracy: 0.8998 - iou_agriculture_rangeland: 0.8624 - iou_barren: 0.4347 - iou_forest: 0.7574 - iou_unknown: 5.8656e-04 - iou_urban: 0.7092 - iou_water: 0.8857 - loss: 1.3264 - miou: 0.6083 - val_accuracy: 0.9006 - val_iou_agriculture_rangeland: 0.8438 - val_iou_barren: 0.2889 - val_iou_forest: 0.8398 - val_iou_unknown: 3.0630e-04 - val_iou_urban: 0.8752 - val_iou_water: 0.9336 - val_loss: 1.2528 - val_miou: 0.6303 - learning_rate: 3.0000e-05
Epoch 21/80
160/160 - 24s - 153ms/step - accuracy: 0.8935 - iou_agriculture_rangeland: 0.8482 - iou_barren: 0.4161 - iou_forest: 0.7587 - iou_unknown: 2.1232e-04 - iou_urban: 0.7042 - iou_water: 0.8762 - loss: 1.3410 - miou: 0.6006 - val_accuracy: 0.9021 - val_iou_agriculture_rangeland: 0.8499 - val_iou_barren: 0.3187 - val_iou_forest: 0.8484 - val_iou_unknown: 5.1192e-04 - val_iou_urban: 0.8340 - val_iou_water: 0.9217 - val_loss: 1.2319 - val_miou: 0.6288 - learning_rate: 3.0000e-05
Epoch 22/80
160/160 - 25s - 158ms/step - accuracy: 0.9029 - iou_agriculture_rangeland: 0.8630 - iou_barren: 0.4365 - iou_forest: 0.7759 - iou_unknown: 0.0010 - iou_urban: 0.7234 - iou_water: 0.8871 - loss: 1.3027 - miou: 0.6145 - val_accuracy: 0.9057 - val_iou_agriculture_rangeland: 0.8552 - val_iou_barren: 0.2898 - val_iou_forest: 0.8478 - val_iou_unknown: 3.9594e-04 - val_iou_urban: 0.8602 - val_iou_water: 0.9468 - val_loss: 1.2357 - val_miou: 0.6334 - learning_rate: 3.0000e-05
Epoch 23/80
160/160 - 24s - 153ms/step - accuracy: 0.9073 - iou_agriculture_rangeland: 0.8726 - iou_barren: 0.4546 - iou_forest: 0.7707 - iou_unknown: 2.3245e-04 - iou_urban: 0.7256 - iou_water: 0.8960 - loss: 1.2804 - miou: 0.6200 - val_accuracy: 0.8964 - val_iou_agriculture_rangeland: 0.8403 - val_iou_barren: 0.2848 - val_iou_forest: 0.8471 - val_iou_unknown: 7.4202e-04 - val_iou_urban: 0.8628 - val_iou_water: 0.9062 - val_loss: 1.2329 - val_miou: 0.6237 - learning_rate: 3.0000e-05
Epoch 24/80
160/160 - 24s - 153ms/step - accuracy: 0.8992 - iou_agriculture_rangeland: 0.8575 - iou_barren: 0.4455 - iou_forest: 0.7715 - iou_unknown: 3.6562e-04 - iou_urban: 0.7125 - iou_water: 0.8751 - loss: 1.2933 - miou: 0.6104 - val_accuracy: 0.9018 - val_iou_agriculture_rangeland: 0.8490 - val_iou_barren: 0.2702 - val_iou_forest: 0.8524 - val_iou_unknown: 3.9173e-04 - val_iou_urban: 0.8576 - val_iou_water: 0.9064 - val_loss: 1.2115 - val_miou: 0.6227 - learning_rate: 3.0000e-05
Epoch 25/80
160/160 - 24s - 153ms/step - accuracy: 0.9120 - iou_agriculture_rangeland: 0.8743 - iou_barren: 0.4958 - iou_forest: 0.7742 - iou_unknown: 5.7443e-04 - iou_urban: 0.7477 - iou_water: 0.9123 - loss: 1.2444 - miou: 0.6341 - val_accuracy: 0.8986 - val_iou_agriculture_rangeland: 0.8421 - val_iou_barren: 0.2973 - val_iou_forest: 0.8409 - val_iou_unknown: 0.0017 - val_iou_urban: 0.8849 - val_iou_water: 0.9197 - val_loss: 1.2126 - val_miou: 0.6311 - learning_rate: 3.0000e-05
Epoch 26/80
160/160 - 25s - 159ms/step - accuracy: 0.9132 - iou_agriculture_rangeland: 0.8744 - iou_barren: 0.4605 - iou_forest: 0.7893 - iou_unknown: 7.2297e-04 - iou_urban: 0.7761 - iou_water: 0.9143 - loss: 1.2317 - miou: 0.6359 - val_accuracy: 0.9021 - val_iou_agriculture_rangeland: 0.8471 - val_iou_barren: 0.2974 - val_iou_forest: 0.8460 - val_iou_unknown: 4.9876e-04 - val_iou_urban: 0.8840 - val_iou_water: 0.9346 - val_loss: 1.1973 - val_miou: 0.6349 - learning_rate: 3.0000e-05
Epoch 27/80
160/160 - 24s - 152ms/step - accuracy: 0.9185 - iou_agriculture_rangeland: 0.8844 - iou_barren: 0.4878 - iou_forest: 0.7895 - iou_unknown: 1.7380e-04 - iou_urban: 0.7900 - iou_water: 0.9210 - loss: 1.2086 - miou: 0.6455 - val_accuracy: 0.9037 - val_iou_agriculture_rangeland: 0.8523 - val_iou_barren: 0.2802 - val_iou_forest: 0.8534 - val_iou_unknown: 5.9588e-04 - val_iou_urban: 0.8722 - val_iou_water: 0.9420 - val_loss: 1.2027 - val_miou: 0.6335 - learning_rate: 3.0000e-05
Epoch 28/80
160/160 - 25s - 158ms/step - accuracy: 0.9150 - iou_agriculture_rangeland: 0.8777 - iou_barren: 0.5101 - iou_forest: 0.7813 - iou_unknown: 1.2516e-04 - iou_urban: 0.7738 - iou_water: 0.9138 - loss: 1.2187 - miou: 0.6428 - val_accuracy: 0.9057 - val_iou_agriculture_rangeland: 0.8533 - val_iou_barren: 0.3185 - val_iou_forest: 0.8467 - val_iou_unknown: 8.9815e-04 - val_iou_urban: 0.8877 - val_iou_water: 0.9370 - val_loss: 1.1873 - val_miou: 0.6407 - learning_rate: 3.0000e-05
Epoch 29/80
160/160 - 24s - 153ms/step - accuracy: 0.9187 - iou_agriculture_rangeland: 0.8821 - iou_barren: 0.5018 - iou_forest: 0.7895 - iou_unknown: 3.9735e-04 - iou_urban: 0.7728 - iou_water: 0.9293 - loss: 1.1920 - miou: 0.6460 - val_accuracy: 0.8998 - val_iou_agriculture_rangeland: 0.8434 - val_iou_barren: 0.3034 - val_iou_forest: 0.8452 - val_iou_unknown: 5.0638e-04 - val_iou_urban: 0.8404 - val_iou_water: 0.9290 - val_loss: 1.1928 - val_miou: 0.6270 - learning_rate: 3.0000e-05
Epoch 30/80
160/160 - 24s - 153ms/step - accuracy: 0.9195 - iou_agriculture_rangeland: 0.8868 - iou_barren: 0.4923 - iou_forest: 0.7926 - iou_unknown: 4.0871e-04 - iou_urban: 0.7866 - iou_water: 0.9210 - loss: 1.1866 - miou: 0.6466 - val_accuracy: 0.8996 - val_iou_agriculture_rangeland: 0.8464 - val_iou_barren: 0.2728 - val_iou_forest: 0.8443 - val_iou_unknown: 3.1561e-04 - val_iou_urban: 0.8779 - val_iou_water: 0.9279 - val_loss: 1.1861 - val_miou: 0.6283 - learning_rate: 3.0000e-05
Epoch 31/80
160/160 - 24s - 153ms/step - accuracy: 0.9198 - iou_agriculture_rangeland: 0.8818 - iou_barren: 0.5032 - iou_forest: 0.7960 - iou_unknown: 7.9645e-05 - iou_urban: 0.7975 - iou_water: 0.9275 - loss: 1.1748 - miou: 0.6510 - val_accuracy: 0.8981 - val_iou_agriculture_rangeland: 0.8434 - val_iou_barren: 0.2951 - val_iou_forest: 0.8526 - val_iou_unknown: 2.0405e-04 - val_iou_urban: 0.8788 - val_iou_water: 0.9089 - val_loss: 1.1884 - val_miou: 0.6299 - learning_rate: 3.0000e-05
Epoch 32/80
160/160 - 24s - 153ms/step - accuracy: 0.9218 - iou_agriculture_rangeland: 0.8879 - iou_barren: 0.5365 - iou_forest: 0.7914 - iou_unknown: 1.9206e-04 - iou_urban: 0.7991 - iou_water: 0.9233 - loss: 1.1650 - miou: 0.6564 - val_accuracy: 0.9000 - val_iou_agriculture_rangeland: 0.8434 - val_iou_barren: 0.2849 - val_iou_forest: 0.8551 - val_iou_unknown: 1.7322e-04 - val_iou_urban: 0.8848 - val_iou_water: 0.9202 - val_loss: 1.1797 - val_miou: 0.6314 - learning_rate: 3.0000e-05
Epoch 33/80
160/160 - 24s - 153ms/step - accuracy: 0.9279 - iou_agriculture_rangeland: 0.8949 - iou_barren: 0.5319 - iou_forest: 0.8094 - iou_unknown: 2.1789e-04 - iou_urban: 0.8249 - iou_water: 0.9383 - loss: 1.1334 - miou: 0.6666 - val_accuracy: 0.8961 - val_iou_agriculture_rangeland: 0.8372 - val_iou_barren: 0.2627 - val_iou_forest: 0.8564 - val_iou_unknown: 1.7029e-04 - val_iou_urban: 0.8667 - val_iou_water: 0.9270 - val_loss: 1.1884 - val_miou: 0.6250 - learning_rate: 3.0000e-05
Epoch 34/80

Epoch 34: ReduceLROnPlateau reducing learning rate to 1.4999999621068127e-05.
160/160 - 24s - 153ms/step - accuracy: 0.9243 - iou_agriculture_rangeland: 0.8911 - iou_barren: 0.5222 - iou_forest: 0.7996 - iou_unknown: 9.2218e-05 - iou_urban: 0.7836 - iou_water: 0.9368 - loss: 1.1346 - miou: 0.6556 - val_accuracy: 0.9048 - val_iou_agriculture_rangeland: 0.8505 - val_iou_barren: 0.3318 - val_iou_forest: 0.8541 - val_iou_unknown: 1.3212e-05 - val_iou_urban: 0.8829 - val_iou_water: 0.9209 - val_loss: 1.1629 - val_miou: 0.6400 - learning_rate: 3.0000e-05
Epoch 35/80
160/160 - 24s - 153ms/step - accuracy: 0.9279 - iou_agriculture_rangeland: 0.8953 - iou_barren: 0.5431 - iou_forest: 0.8054 - iou_unknown: 7.4988e-05 - iou_urban: 0.8351 - iou_water: 0.9335 - loss: 1.1329 - miou: 0.6688 - val_accuracy: 0.9004 - val_iou_agriculture_rangeland: 0.8439 - val_iou_barren: 0.3037 - val_iou_forest: 0.8553 - val_iou_unknown: 1.4679e-05 - val_iou_urban: 0.8819 - val_iou_water: 0.9130 - val_loss: 1.1737 - val_miou: 0.6330 - learning_rate: 1.5000e-05
Epoch 36/80
160/160 - 24s - 153ms/step - accuracy: 0.9334 - iou_agriculture_rangeland: 0.9031 - iou_barren: 0.5742 - iou_forest: 0.8176 - iou_unknown: 1.9221e-04 - iou_urban: 0.8388 - iou_water: 0.9435 - loss: 1.1063 - miou: 0.6796 - val_accuracy: 0.9051 - val_iou_agriculture_rangeland: 0.8513 - val_iou_barren: 0.3307 - val_iou_forest: 0.8554 - val_iou_unknown: 2.3488e-05 - val_iou_urban: 0.8924 - val_iou_water: 0.9139 - val_loss: 1.1631 - val_miou: 0.6406 - learning_rate: 1.5000e-05
Epoch 37/80
160/160 - 24s - 153ms/step - accuracy: 0.9353 - iou_agriculture_rangeland: 0.9051 - iou_barren: 0.5814 - iou_forest: 0.8145 - iou_unknown: 2.3686e-04 - iou_urban: 0.8583 - iou_water: 0.9499 - loss: 1.0947 - miou: 0.6849 - val_accuracy: 0.9023 - val_iou_agriculture_rangeland: 0.8462 - val_iou_barren: 0.2950 - val_iou_forest: 0.8575 - val_iou_unknown: 0.0000e+00 - val_iou_urban: 0.8810 - val_iou_water: 0.9309 - val_loss: 1.1639 - val_miou: 0.6351 - learning_rate: 1.5000e-05
Epoch 38/80
160/160 - 24s - 153ms/step - accuracy: 0.9328 - iou_agriculture_rangeland: 0.9005 - iou_barren: 0.5588 - iou_forest: 0.8155 - iou_unknown: 0.0010 - iou_urban: 0.8533 - iou_water: 0.9465 - loss: 1.0958 - miou: 0.6793 - val_accuracy: 0.9063 - val_iou_agriculture_rangeland: 0.8536 - val_iou_barren: 0.2943 - val_iou_forest: 0.8549 - val_iou_unknown: 1.0276e-05 - val_iou_urban: 0.8846 - val_iou_water: 0.9387 - val_loss: 1.1501 - val_miou: 0.6377 - learning_rate: 1.5000e-05
Epoch 39/80
160/160 - 24s - 153ms/step - accuracy: 0.9316 - iou_agriculture_rangeland: 0.8992 - iou_barren: 0.5581 - iou_forest: 0.8195 - iou_unknown: 6.4303e-04 - iou_urban: 0.8528 - iou_water: 0.9376 - loss: 1.0993 - miou: 0.6780 - val_accuracy: 0.8972 - val_iou_agriculture_rangeland: 0.8401 - val_iou_barren: 0.2834 - val_iou_forest: 0.8537 - val_iou_unknown: 7.3401e-06 - val_iou_urban: 0.8852 - val_iou_water: 0.9125 - val_loss: 1.1725 - val_miou: 0.6292 - learning_rate: 1.5000e-05
Epoch 40/80

Epoch 40: ReduceLROnPlateau reducing learning rate to 7.499999810534064e-06.
160/160 - 24s - 153ms/step - accuracy: 0.9344 - iou_agriculture_rangeland: 0.9030 - iou_barren: 0.5608 - iou_forest: 0.8261 - iou_unknown: 1.9660e-04 - iou_urban: 0.8486 - iou_water: 0.9468 - loss: 1.0857 - miou: 0.6809 - val_accuracy: 0.8964 - val_iou_agriculture_rangeland: 0.8395 - val_iou_barren: 0.2882 - val_iou_forest: 0.8538 - val_iou_unknown: 4.4041e-06 - val_iou_urban: 0.8804 - val_iou_water: 0.9087 - val_loss: 1.1748 - val_miou: 0.6284 - learning_rate: 1.5000e-05
Epoch 41/80
160/160 - 24s - 153ms/step - accuracy: 0.9367 - iou_agriculture_rangeland: 0.9063 - iou_barren: 0.5668 - iou_forest: 0.8271 - iou_unknown: 2.6378e-04 - iou_urban: 0.8520 - iou_water: 0.9530 - loss: 1.0782 - miou: 0.6843 - val_accuracy: 0.9010 - val_iou_agriculture_rangeland: 0.8462 - val_iou_barren: 0.3094 - val_iou_forest: 0.8592 - val_iou_unknown: 4.4042e-06 - val_iou_urban: 0.8834 - val_iou_water: 0.9113 - val_loss: 1.1653 - val_miou: 0.6349 - learning_rate: 7.5000e-06
Epoch 42/80
160/160 - 25s - 153ms/step - accuracy: 0.9359 - iou_agriculture_rangeland: 0.9069 - iou_barren: 0.5857 - iou_forest: 0.8190 - iou_unknown: 3.5620e-04 - iou_urban: 0.8627 - iou_water: 0.9446 - loss: 1.0843 - miou: 0.6865 - val_accuracy: 0.9056 - val_iou_agriculture_rangeland: 0.8548 - val_iou_barren: 0.3124 - val_iou_forest: 0.8551 - val_iou_unknown: 1.6148e-05 - val_iou_urban: 0.8867 - val_iou_water: 0.9279 - val_loss: 1.1483 - val_miou: 0.6395 - learning_rate: 7.5000e-06
Epoch 43/80
160/160 - 24s - 153ms/step - accuracy: 0.9352 - iou_agriculture_rangeland: 0.9048 - iou_barren: 0.5869 - iou_forest: 0.8155 - iou_unknown: 1.2137e-04 - iou_urban: 0.8521 - iou_water: 0.9470 - loss: 1.0839 - miou: 0.6844 - val_accuracy: 0.9008 - val_iou_agriculture_rangeland: 0.8464 - val_iou_barren: 0.2780 - val_iou_forest: 0.8590 - val_iou_unknown: 0.0000e+00 - val_iou_urban: 0.8848 - val_iou_water: 0.9331 - val_loss: 1.1647 - val_miou: 0.6336 - learning_rate: 7.5000e-06
Epoch 43: early stopping
Restoring model weights from the end of the best epoch: 28.

-- unk05: 286/320 sub-tiles, 4,492 Unknown px excluded
   px acc 0.9338   mIoU 0.7838
     Urban                  0.8881
     Agriculture_Rangeland  0.8853
     Forest                 0.8496
     Water                  0.9559
     Barren                 0.3399
     Unknown                absent

-- unk25: 305/320 sub-tiles, 144,229 Unknown px excluded
   px acc 0.9351   mIoU 0.7852
     Urban                  0.8877
     Agriculture_Rangeland  0.8912
     Forest                 0.8530
     Water                  0.9550
     Barren                 0.3389
     Unknown                absent

wrote /home/jvpcms/ime/PFC/results/finetune_experiments/scratch-lr3e-05/metrics.json
